Component: ARM Compiler 5.06 update 4 (build 422) Tool: armlink [4d35d2]

==============================================================================

Small function inlining results

Inlined function _platform_pre_stackheap_init from boardinit1.o at offset 0x0 in __rtentry2.o(.ARM.Collect$$rtentry$$00000001).
Inlined Instruction: BX       lr
Inlined function _platform_pre_lib_shutdown from boardshut.o at offset 0x0 in rtexit2.o(.ARM.Collect$$rtexit$$00000001).
Inlined Instruction: BX       lr
Inlined total of 2 calls.

==============================================================================

Image Symbol Table

    Local Symbols

    Symbol Name                              Value     Ov Type        Size  Object(Section)

    RESET                                    0x00000000   Section      500  startup_m480.o(RESET)
    ../clib/angel/boardlib.s                 0x00000000   Number         0  boardinit1.o ABSOLUTE
    ../clib/angel/boardlib.s                 0x00000000   Number         0  boardinit3.o ABSOLUTE
    ../clib/angel/boardlib.s                 0x00000000   Number         0  boardinit2.o ABSOLUTE
    ../clib/angel/boardlib.s                 0x00000000   Number         0  boardshut.o ABSOLUTE
    ../clib/angel/handlers.s                 0x00000000   Number         0  __scatter_zi.o ABSOLUTE
    ../clib/angel/handlers.s                 0x00000000   Number         0  __scatter_copy.o ABSOLUTE
    ../clib/angel/kernel.s                   0x00000000   Number         0  __rtentry4.o ABSOLUTE
    ../clib/angel/kernel.s                   0x00000000   Number         0  __rtentry2.o ABSOLUTE
    ../clib/angel/kernel.s                   0x00000000   Number         0  rtexit.o ABSOLUTE
    ../clib/angel/kernel.s                   0x00000000   Number         0  rtexit2.o ABSOLUTE
    ../clib/angel/kernel.s                   0x00000000   Number         0  __rtentry.o ABSOLUTE
    ../clib/angel/rt.s                       0x00000000   Number         0  rt_errno_addr.o ABSOLUTE
    ../clib/angel/rt.s                       0x00000000   Number         0  rt_raise.o ABSOLUTE
    ../clib/angel/rt.s                       0x00000000   Number         0  rt_errno_addr_intlibspace.o ABSOLUTE
    ../clib/angel/scatter.s                  0x00000000   Number         0  __scatter.o ABSOLUTE
    ../clib/angel/startup.s                  0x00000000   Number         0  __main.o ABSOLUTE
    ../clib/angel/sys.s                      0x00000000   Number         0  sys_stackheap_outer.o ABSOLUTE
    ../clib/angel/sys.s                      0x00000000   Number         0  libspace.o ABSOLUTE
    ../clib/angel/sys.s                      0x00000000   Number         0  use_no_semi.o ABSOLUTE
    ../clib/angel/sys.s                      0x00000000   Number         0  indicate_semi.o ABSOLUTE
    ../clib/angel/sysapp.c                   0x00000000   Number         0  sys_command.o ABSOLUTE
    ../clib/angel/sysapp.c                   0x00000000   Number         0  sys_exit.o ABSOLUTE
    ../clib/armsys.c                         0x00000000   Number         0  no_argv.o ABSOLUTE
    ../clib/armsys.c                         0x00000000   Number         0  argv_veneer.o ABSOLUTE
    ../clib/armsys.c                         0x00000000   Number         0  argv_veneer.o ABSOLUTE
    ../clib/armsys.c                         0x00000000   Number         0  _get_argv_nomalloc.o ABSOLUTE
    ../clib/fenv.c                           0x00000000   Number         0  _rserrno.o ABSOLUTE
    ../clib/heapalloc.c                      0x00000000   Number         0  hrguard.o ABSOLUTE
    ../clib/heapaux.c                        0x00000000   Number         0  heapauxi.o ABSOLUTE
    ../clib/libinit.s                        0x00000000   Number         0  libinit2.o ABSOLUTE
    ../clib/libinit.s                        0x00000000   Number         0  libshutdown2.o ABSOLUTE
    ../clib/libinit.s                        0x00000000   Number         0  libshutdown.o ABSOLUTE
    ../clib/libinit.s                        0x00000000   Number         0  libinit.o ABSOLUTE
    ../clib/memcpset.s                       0x00000000   Number         0  rt_memcpy_v6.o ABSOLUTE
    ../clib/memcpset.s                       0x00000000   Number         0  rt_memclr_w.o ABSOLUTE
    ../clib/memcpset.s                       0x00000000   Number         0  aeabi_memset.o ABSOLUTE
    ../clib/memcpset.s                       0x00000000   Number         0  rt_memmove_v6.o ABSOLUTE
    ../clib/memcpset.s                       0x00000000   Number         0  rt_memcpy_w.o ABSOLUTE
    ../clib/memcpset.s                       0x00000000   Number         0  rt_memclr.o ABSOLUTE
    ../clib/memcpset.s                       0x00000000   Number         0  memcpy.o ABSOLUTE
    ../clib/memcpset.s                       0x00000000   Number         0  rt_memmove_w.o ABSOLUTE
    ../clib/memcpset.s                       0x00000000   Number         0  memset.o ABSOLUTE
[...]
    0x0004f854   0x00000030   Data   RO         4252    .constdata          NUemWin_CM4_Keil.lib(F24B_ASCII.o)
    0x0004f884   0x00000030   Data   RO         4253    .constdata          NUemWin_CM4_Keil.lib(F24B_ASCII.o)
    0x0004f8b4   0x00000030   Data   RO         4254    .constdata          NUemWin_CM4_Keil.lib(F24B_ASCII.o)
    0x0004f8e4   0x00000030   Data   RO         4255    .constdata          NUemWin_CM4_Keil.lib(F24B_ASCII.o)
    0x0004f914   0x00000030   Data   RO         4256    .constdata          NUemWin_CM4_Keil.lib(F24B_ASCII.o)
    0x0004f944   0x00000030   Data   RO         4257    .constdata          NUemWin_CM4_Keil.lib(F24B_ASCII.o)
    0x0004f974   0x00000030   Data   RO         4258    .constdata          NUemWin_CM4_Keil.lib(F24B_ASCII.o)
    0x0004f9a4   0x00000030   Data   RO         4259    .constdata          NUemWin_CM4_Keil.lib(F24B_ASCII.o)
    0x0004f9d4   0x00000018   Data   RO         4260    .constdata          NUemWin_CM4_Keil.lib(F24B_ASCII.o)
    0x0004f9ec   0x00000030   Data   RO         4261    .constdata          NUemWin_CM4_Keil.lib(F24B_ASCII.o)
    0x0004fa1c   0x00000030   Data   RO         4262    .constdata          NUemWin_CM4_Keil.lib(F24B_ASCII.o)
    0x0004fa4c   0x00000030   Data   RO         4263    .constdata          NUemWin_CM4_Keil.lib(F24B_ASCII.o)
    0x0004fa7c   0x00000048   Data   RO         4264    .constdata          NUemWin_CM4_Keil.lib(F24B_ASCII.o)
    0x0004fac4   0x00000030   Data   RO         4265    .constdata          NUemWin_CM4_Keil.lib(F24B_ASCII.o)
    0x0004faf4   0x00000030   Data   RO         4266    .constdata          NUemWin_CM4_Keil.lib(F24B_ASCII.o)
    0x0004fb24   0x00000030   Data   RO         4267    .constdata          NUemWin_CM4_Keil.lib(F24B_ASCII.o)
    0x0004fb54   0x00000030   Data   RO         4268    .constdata          NUemWin_CM4_Keil.lib(F24B_ASCII.o)
    0x0004fb84   0x00000030   Data   RO         4269    .constdata          NUemWin_CM4_Keil.lib(F24B_ASCII.o)
    0x0004fbb4   0x00000030   Data   RO         4270    .constdata          NUemWin_CM4_Keil.lib(F24B_ASCII.o)
    0x0004fbe4   0x00000030   Data   RO         4271    .constdata          NUemWin_CM4_Keil.lib(F24B_ASCII.o)
    0x0004fc14   0x00000030   Data   RO         4272    .constdata          NUemWin_CM4_Keil.lib(F24B_ASCII.o)
    0x0004fc44   0x00000030   Data   RO         4273    .constdata          NUemWin_CM4_Keil.lib(F24B_ASCII.o)
    0x0004fc74   0x00000048   Data   RO         4274    .constdata          NUemWin_CM4_Keil.lib(F24B_ASCII.o)
    0x0004fcbc   0x00000030   Data   RO         4275    .constdata          NUemWin_CM4_Keil.lib(F24B_ASCII.o)
    0x0004fcec   0x00000030   Data   RO         4276    .constdata          NUemWin_CM4_Keil.lib(F24B_ASCII.o)
    0x0004fd1c   0x00000030   Data   RO         4277    .constdata          NUemWin_CM4_Keil.lib(F24B_ASCII.o)
    0x0004fd4c   0x00000018   Data   RO         4278    .constdata          NUemWin_CM4_Keil.lib(F24B_ASCII.o)
    0x0004fd64   0x00000018   Data   RO         4279    .constdata          NUemWin_CM4_Keil.lib(F24B_ASCII.o)
    0x0004fd7c   0x00000018   Data   RO         4280    .constdata          NUemWin_CM4_Keil.lib(F24B_ASCII.o)
    0x0004fd94   0x00000030   Data   RO         4281    .constdata          NUemWin_CM4_Keil.lib(F24B_ASCII.o)
    0x0004fdc4   0x00000030   Data   RO         4282    .constdata          NUemWin_CM4_Keil.lib(F24B_ASCII.o)
    0x0004fdf4   0x00000018   Data   RO         4283    .constdata          NUemWin_CM4_Keil.lib(F24B_ASCII.o)
    0x0004fe0c   0x00000030   Data   RO         4284    .constdata          NUemWin_CM4_Keil.lib(F24B_ASCII.o)
    0x0004fe3c   0x00000030   Data   RO         4285    .constdata          NUemWin_CM4_Keil.lib(F24B_ASCII.o)
    0x0004fe6c   0x00000030   Data   RO         4286    .constdata          NUemWin_CM4_Keil.lib(F24B_ASCII.o)
    0x0004fe9c   0x00000030   Data   RO         4287    .constdata          NUemWin_CM4_Keil.lib(F24B_ASCII.o)
    0x0004fecc   0x00000030   Data   RO         4288    .constdata          NUemWin_CM4_Keil.lib(F24B_ASCII.o)
    0x0004fefc   0x00000018   Data   RO         4289    .constdata          NUemWin_CM4_Keil.lib(F24B_ASCII.o)
    0x0004ff14   0x00000030   Data   RO         4290    .constdata          NUemWin_CM4_Keil.lib(F24B_ASCII.o)
    0x0004ff44   0x00000030   Data   RO         4291    .constdata          NUemWin_CM4_Keil.lib(F24B_ASCII.o)
    0x0004ff74   0x00000018   Data   RO         4292    .constdata          NUemWin_CM4_Keil.lib(F24B_ASCII.o)
    0x0004ff8c   0x00000018   Data   RO         4293    .constdata          NUemWin_CM4_Keil.lib(F24B_ASCII.o)
    0x0004ffa4   0x00000030   Data   RO         4294    .constdata          NUemWin_CM4_Keil.lib(F24B_ASCII.o)
    0x0004ffd4   0x00000018   Data   RO         4295    .constdata          NUemWin_CM4_Keil.lib(F24B_ASCII.o)
    0x0004ffec   0x00000048   Data   RO         4296    .constdata          NUemWin_CM4_Keil.lib(F24B_ASCII.o)
    0x00050034   0x00000030   Data   RO         4297    .constdata          NUemWin_CM4_Keil.lib(F24B_ASCII.o)
    0x00050064   0x00000030   Data   RO         4298    .constdata          NUemWin_CM4_Keil.lib(F24B_ASCII.o)
    0x00050094   0x00000030   Data   RO         4299    .constdata          NUemWin_CM4_Keil.lib(F24B_ASCII.o)
    0x000500c4   0x00000030   Data   RO         4300    .constdata          NUemWin_CM4_Keil.lib(F24B_ASCII.o)
    0x000500f4   0x00000018   Data   RO         4301    .constdata          NUemWin_CM4_Keil.lib(F24B_ASCII.o)
    0x0005010c   0x00000030   Data   RO         4302    .constdata          NUemWin_CM4_Keil.lib(F24B_ASCII.o)
    0x0005013c   0x00000018   Data   RO         4303    .constdata          NUemWin_CM4_Keil.lib(F24B_ASCII.o)
    0x00050154   0x00000030   Data   RO         4304    .constdata          NUemWin_CM4_Keil.lib(F24B_ASCII.o)
    0x00050184   0x00000030   Data   RO         4305    .constdata          NUemWin_CM4_Keil.lib(F24B_ASCII.o)
    0x000501b4   0x00000030   Data   RO         4306    .constdata          NUemWin_CM4_Keil.lib(F24B_ASCII.o)
    0x000501e4   0x00000030   Data   RO         4307    .constdata          NUemWin_CM4_Keil.lib(F24B_ASCII.o)
    0x00050214   0x00000030   Data   RO         4308    .constdata          NUemWin_CM4_Keil.lib(F24B_ASCII.o)
    0x00050244   0x00000030   Data   RO         4309    .constdata          NUemWin_CM4_Keil.lib(F24B_ASCII.o)
    0x00050274   0x00000018   Data   RO         4310    .constdata          NUemWin_CM4_Keil.lib(F24B_ASCII.o)
    0x0005028c   0x00000018   Data   RO         4311    .constdata          NUemWin_CM4_Keil.lib(F24B_ASCII.o)
    0x000502a4   0x00000018   Data   RO         4312    .constdata          NUemWin_CM4_Keil.lib(F24B_ASCII.o)
    0x000502bc   0x00000030   Data   RO         4313    .constdata          NUemWin_CM4_Keil.lib(F24B_ASCII.o)
    0x000502ec   0x000005f0   Data   RO         4314    .constdata          NUemWin_CM4_Keil.lib(F24B_ASCII.o)
    0x000508dc   0x0000000c   Data   RO         4315    .constdata          NUemWin_CM4_Keil.lib(F24B_ASCII.o)
    0x000508e8   0x00000038   Data   RO         4316    .constdata          NUemWin_CM4_Keil.lib(F24B_ASCII.o)
    0x00050920   0x00000020   Data   RO         4317    .constdata          NUemWin_CM4_Keil.lib(F32_ASCII.o)
    0x00050940   0x00000020   Data   RO         4318    .constdata          NUemWin_CM4_Keil.lib(F32_ASCII.o)
    0x00050960   0x00000040   Data   RO         4319    .constdata          NUemWin_CM4_Keil.lib(F32_ASCII.o)
    0x000509a0   0x00000040   Data   RO         4320    .constdata          NUemWin_CM4_Keil.lib(F32_ASCII.o)
    0x000509e0   0x00000040   Data   RO         4321    .constdata          NUemWin_CM4_Keil.lib(F32_ASCII.o)
    0x00050a20   0x00000060   Data   RO         4322    .constdata          NUemWin_CM4_Keil.lib(F32_ASCII.o)
    0x00050a80   0x00000060   Data   RO         4323    .constdata          NUemWin_CM4_Keil.lib(F32_ASCII.o)
    0x00050ae0   0x00000020   Data   RO         4324    .constdata          NUemWin_CM4_Keil.lib(F32_ASCII.o)
    0x00050b00   0x00000040   Data   RO         4325    .constdata          NUemWin_CM4_Keil.lib(F32_ASCII.o)
    0x00050b40   0x00000040   Data   RO         4326    .constdata          NUemWin_CM4_Keil.lib(F32_ASCII.o)
    0x00050b80   0x00000040   Data   RO         4327    .constdata          NUemWin_CM4_Keil.lib(F32_ASCII.o)
    0x00050bc0   0x00000040   Data   RO         4328    .constdata          NUemWin_CM4_Keil.lib(F32_ASCII.o)
    0x00050c00   0x00000020   Data   RO         4329    .constdata          NUemWin_CM4_Keil.lib(F32_ASCII.o)
    0x00050c20   0x00000040   Data   RO         4330    .constdata          NUemWin_CM4_Keil.lib(F32_ASCII.o)
    0x00050c60   0x00000020   Data   RO         4331    .constdata          NUemWin_CM4_Keil.lib(F32_ASCII.o)
    0x00050c80   0x00000020   Data   RO         4332    .constdata          NUemWin_CM4_Keil.lib(F32_ASCII.o)
    0x00050ca0   0x00000040   Data   RO         4333    .constdata          NUemWin_CM4_Keil.lib(F32_ASCII.o)
    0x00050ce0   0x00000040   Data   RO         4334    .constdata          NUemWin_CM4_Keil.lib(F32_ASCII.o)
    0x00050d20   0x00000040   Data   RO         4335    .constdata          NUemWin_CM4_Keil.lib(F32_ASCII.o)
    0x00050d60   0x00000040   Data   RO         4336    .constdata          NUemWin_CM4_Keil.lib(F32_ASCII.o)
    0x00050da0   0x00000040   Data   RO         4337    .constdata          NUemWin_CM4_Keil.lib(F32_ASCII.o)
    0x00050de0   0x00000040   Data   RO         4338    .constdata          NUemWin_CM4_Keil.lib(F32_ASCII.o)
    0x00050e20   0x00000040   Data   RO         4339    .constdata          NUemWin_CM4_Keil.lib(F32_ASCII.o)
    0x00050e60   0x00000040   Data   RO         4340    .constdata          NUemWin_CM4_Keil.lib(F32_ASCII.o)
    0x00050ea0   0x00000040   Data   RO         4341    .constdata          NUemWin_CM4_Keil.lib(F32_ASCII.o)
    0x00050ee0   0x00000040   Data   RO         4342    .constdata          NUemWin_CM4_Keil.lib(F32_ASCII.o)
    0x00050f20   0x00000020   Data   RO         4343    .constdata          NUemWin_CM4_Keil.lib(F32_ASCII.o)
    0x00050f40   0x00000020   Data   RO         4344    .constdata          NUemWin_CM4_Keil.lib(F32_ASCII.o)
    0x00050f60   0x00000040   Data   RO         4345    .constdata          NUemWin_CM4_Keil.lib(F32_ASCII.o)
    0x00050fa0   0x00000040   Data   RO         4346    .constdata          NUemWin_CM4_Keil.lib(F32_ASCII.o)
    0x00050fe0   0x00000040   Data   RO         4347    .constdata          NUemWin_CM4_Keil.lib(F32_ASCII.o)
    0x00051020   0x00000040   Data   RO         4348    .constdata          NUemWin_CM4_Keil.lib(F32_ASCII.o)
    0x00051060   0x00000080   Data   RO         4349    .constdata          NUemWin_CM4_Keil.lib(F32_ASCII.o)
    0x000510e0   0x00000060   Data   RO         4350    .constdata          NUemWin_CM4_Keil.lib(F32_ASCII.o)
    0x00051140   0x00000060   Data   RO         4351    .constdata          NUemWin_CM4_Keil.lib(F32_ASCII.o)
    0x000511a0   0x00000060   Data   RO         4352    .constdata          NUemWin_CM4_Keil.lib(F32_ASCII.o)
    0x00051200   0x00000060   Data   RO         4353    .constdata          NUemWin_CM4_Keil.lib(F32_ASCII.o)
    0x00051260   0x00000060   Data   RO         4354    .constdata          NUemWin_CM4_Keil.lib(F32_ASCII.o)
    0x000512c0   0x00000060   Data   RO         4355    .constdata          NUemWin_CM4_Keil.lib(F32_ASCII.o)
    0x00051320   0x00000060   Data   RO         4356    .constdata          NUemWin_CM4_Keil.lib(F32_ASCII.o)
    0x00051380   0x00000060   Data   RO         4357    .constdata          NUemWin_CM4_Keil.lib(F32_ASCII.o)
    0x000513e0   0x00000020   Data   RO         4358    .constdata          NUemWin_CM4_Keil.lib(F32_ASCII.o)
    0x00051400   0x00000040   Data   RO         4359    .constdata          NUemWin_CM4_Keil.lib(F32_ASCII.o)
    0x00051440   0x00000060   Data   RO         4360    .constdata          NUemWin_CM4_Keil.lib(F32_ASCII.o)
    0x000514a0   0x00000040   Data   RO         4361    .constdata          NUemWin_CM4_Keil.lib(F32_ASCII.o)
    0x000514e0   0x00000060   Data   RO         4362    .constdata          NUemWin_CM4_Keil.lib(F32_ASCII.o)
    0x00051540   0x00000060   Data   RO         4363    .constdata          NUemWin_CM4_Keil.lib(F32_ASCII.o)
    0x000515a0   0x00000060   Data   RO         4364    .constdata          NUemWin_CM4_Keil.lib(F32_ASCII.o)
    0x00051600   0x00000060   Data   RO         4365    .constdata          NUemWin_CM4_Keil.lib(F32_ASCII.o)
    0x00051660   0x00000060   Data   RO         4366    .constdata          NUemWin_CM4_Keil.lib(F32_ASCII.o)
    0x000516c0   0x00000060   Data   RO         4367    .constdata          NUemWin_CM4_Keil.lib(F32_ASCII.o)
    0x00051720   0x00000060   Data   RO         4368    .constdata          NUemWin_CM4_Keil.lib(F32_ASCII.o)
    0x00051780   0x00000040   Data   RO         4369    .constdata          NUemWin_CM4_Keil.lib(F32_ASCII.o)
    0x000517c0   0x00000060   Data   RO         4370    .constdata          NUemWin_CM4_Keil.lib(F32_ASCII.o)
    0x00051820   0x00000060   Data   RO         4371    .constdata          NUemWin_CM4_Keil.lib(F32_ASCII.o)
    0x00051880   0x00000080   Data   RO         4372    .constdata          NUemWin_CM4_Keil.lib(F32_ASCII.o)
    0x00051900   0x00000060   Data   RO         4373    .constdata          NUemWin_CM4_Keil.lib(F32_ASCII.o)
    0x00051960   0x00000060   Data   RO         4374    .constdata          NUemWin_CM4_Keil.lib(F32_ASCII.o)
    0x000519c0   0x00000060   Data   RO         4375    .constdata          NUemWin_CM4_Keil.lib(F32_ASCII.o)
    0x00051a20   0x00000020   Data   RO         4376    .constdata          NUemWin_CM4_Keil.lib(F32_ASCII.o)
    0x00051a40   0x00000020   Data   RO         4377    .constdata          NUemWin_CM4_Keil.lib(F32_ASCII.o)
    0x00051a60   0x00000020   Data   RO         4378    .constdata          NUemWin_CM4_Keil.lib(F32_ASCII.o)
    0x00051a80   0x00000040   Data   RO         4379    .constdata          NUemWin_CM4_Keil.lib(F32_ASCII.o)
    0x00051ac0   0x00000040   Data   RO         4380    .constdata          NUemWin_CM4_Keil.lib(F32_ASCII.o)
    0x00051b00   0x00000040   Data   RO         4381    .constdata          NUemWin_CM4_Keil.lib(F32_ASCII.o)
    0x00051b40   0x00000040   Data   RO         4382    .constdata          NUemWin_CM4_Keil.lib(F32_ASCII.o)
    0x00051b80   0x00000040   Data   RO         4383    .constdata          NUemWin_CM4_Keil.lib(F32_ASCII.o)
    0x00051bc0   0x00000040   Data   RO         4384    .constdata          NUemWin_CM4_Keil.lib(F32_ASCII.o)
    0x00051c00   0x00000040   Data   RO         4385    .constdata          NUemWin_CM4_Keil.lib(F32_ASCII.o)
    0x00051c40   0x00000040   Data   RO         4386    .constdata          NUemWin_CM4_Keil.lib(F32_ASCII.o)
    0x00051c80   0x00000020   Data   RO         4387    .constdata          NUemWin_CM4_Keil.lib(F32_ASCII.o)
    0x00051ca0   0x00000040   Data   RO         4388    .constdata          NUemWin_CM4_Keil.lib(F32_ASCII.o)
    0x00051ce0   0x00000040   Data   RO         4389    .constdata          NUemWin_CM4_Keil.lib(F32_ASCII.o)
    0x00051d20   0x00000020   Data   RO         4390    .constdata          NUemWin_CM4_Keil.lib(F32_ASCII.o)
    0x00051d40   0x00000020   Data   RO         4391    .constdata          NUemWin_CM4_Keil.lib(F32_ASCII.o)
    0x00051d60   0x00000040   Data   RO         4392    .constdata          NUemWin_CM4_Keil.lib(F32_ASCII.o)
    0x00051da0   0x00000020   Data   RO         4393    .constdata          NUemWin_CM4_Keil.lib(F32_ASCII.o)
    0x00051dc0   0x00000060   Data   RO         4394    .constdata          NUemWin_CM4_Keil.lib(F32_ASCII.o)
    0x00051e20   0x00000040   Data   RO         4395    .constdata          NUemWin_CM4_Keil.lib(F32_ASCII.o)
    0x00051e60   0x00000040   Data   RO         4396    .constdata          NUemWin_CM4_Keil.lib(F32_ASCII.o)
    0x00051ea0   0x00000040   Data   RO         4397    .constdata          NUemWin_CM4_Keil.lib(F32_ASCII.o)
    0x00051ee0   0x00000040   Data   RO         4398    .constdata          NUemWin_CM4_Keil.lib(F32_ASCII.o)
    0x00051f20   0x00000040   Data   RO         4399    .constdata          NUemWin_CM4_Keil.lib(F32_ASCII.o)
    0x00051f60   0x00000040   Data   RO         4400    .constdata          NUemWin_CM4_Keil.lib(F32_ASCII.o)
    0x00051fa0   0x00000020   Data   RO         4401    .constdata          NUemWin_CM4_Keil.lib(F32_ASCII.o)
    0x00051fc0   0x00000040   Data   RO         4402    .constdata          NUemWin_CM4_Keil.lib(F32_ASCII.o)
    0x00052000   0x00000040   Data   RO         4403    .constdata          NUemWin_CM4_Keil.lib(F32_ASCII.o)
    0x00052040   0x00000060   Data   RO         4404    .constdata          NUemWin_CM4_Keil.lib(F32_ASCII.o)
    0x000520a0   0x00000040   Data   RO         4405    .constdata          NUemWin_CM4_Keil.lib(F32_ASCII.o)
    0x000520e0   0x00000040   Data   RO         4406    .constdata          NUemWin_CM4_Keil.lib(F32_ASCII.o)
    0x00052120   0x00000040   Data   RO         4407    .constdata          NUemWin_CM4_Keil.lib(F32_ASCII.o)
    0x00052160   0x00000040   Data   RO         4408    .constdata          NUemWin_CM4_Keil.lib(F32_ASCII.o)
    0x000521a0   0x00000020   Data   RO         4409    .constdata          NUemWin_CM4_Keil.lib(F32_ASCII.o)
    0x000521c0   0x00000040   Data   RO         4410    .constdata          NUemWin_CM4_Keil.lib(F32_ASCII.o)
    0x00052200   0x00000040   Data   RO         4411    .constdata          NUemWin_CM4_Keil.lib(F32_ASCII.o)
    0x00052240   0x000005f0   Data   RO         4412    .constdata          NUemWin_CM4_Keil.lib(F32_ASCII.o)
    0x00052830   0x0000000c   Data   RO         4413    .constdata          NUemWin_CM4_Keil.lib(F32_ASCII.o)
    0x0005283c   0x00000038   Data   RO         4414    .constdata          NUemWin_CM4_Keil.lib(F32_ASCII.o)
    0x00052874   0x00000518   Data   RO         4415    .constdata          NUemWin_CM4_Keil.lib(F6x8.o)
    0x00052d8c   0x000001c0   Data   RO         4416    .constdata          NUemWin_CM4_Keil.lib(F6x8.o)
    0x00052f4c   0x00000008   Data   RO         4417    .constdata          NUemWin_CM4_Keil.lib(F6x8.o)
    0x00052f54   0x0000001c   Data   RO         4418    .constdata          NUemWin_CM4_Keil.lib(F6x8.o)
    0x00052f70   0x00000038   Data   RO         4419    .constdata          NUemWin_CM4_Keil.lib(F6x8.o)
    0x00052fa8   0x0000014c   Data   RO         4866    .constdata          NUemWin_CM4_Keil.lib(AppWizard_Action.o)
    0x000530f4   0x00000178   Data   RO         4966    .constdata          NUemWin_CM4_Keil.lib(AppWizard_Drawing.o)
    0x0005326c   0x00000018   Data   RO         5096    .constdata          NUemWin_CM4_Keil.lib(GUICC_M8888I.o)
    0x00053284   0x00000058   Data   RO         5260    .constdata          NUemWin_CM4_Keil.lib(GUI_EnableAlpha.o)
    0x000532dc   0x0000000c   Data   RO         5293    .constdata          NUemWin_CM4_Keil.lib(GUI_EncExt.o)
    0x000532e8   0x00000004   Data   RO         5329    .constdata          NUemWin_CM4_Keil.lib(GUI_Lang.o)
    0x000532ec   0x0000004c   Data   RO         5427    .constdata          NUemWin_CM4_Keil.lib(GUI_SetAlpha.o)
    0x00053338   0x00000010   Data   RO         5674    .constdata          NUemWin_CM4_Keil.lib(GUI_UC.o)
    0x00053348   0x00000010   Data   RO         5702    .constdata          NUemWin_CM4_Keil.lib(GUI_UC_EncodeNone.o)
    0x00053358   0x00000010   Data   RO         5713    .constdata          NUemWin_CM4_Keil.lib(GUI_UC_EncodeUTF8.o)
    0x00053368   0x00000010   Data   RO         5770    .constdata          NUemWin_CM4_Keil.lib(GUI__DivTbl.o)
    0x00053378   0x00000020   Data   RO         5771    .constdata          NUemWin_CM4_Keil.lib(GUI__DivTbl.o)
    0x00053398   0x00000040   Data   RO         5772    .constdata          NUemWin_CM4_Keil.lib(GUI__DivTbl.o)
    0x000533d8   0x00000100   Data   RO         5774    .constdata          NUemWin_CM4_Keil.lib(GUI__DivTbl.o)
    0x000534d8   0x00000100   Data   RO         5775    .constdata          NUemWin_CM4_Keil.lib(GUI__DivTbl.o)
    0x000535d8   0x0000000c   Data   RO         5869    .constdata          NUemWin_CM4_Keil.lib(LCD.o)
    0x000535e4   0x00000010   Data   RO         6035    .constdata          NUemWin_CM4_Keil.lib(LCD_Rotate180.o)
    0x000535f4   0x00000010   Data   RO         6043    .constdata          NUemWin_CM4_Keil.lib(LCD_RotateCCW.o)
    0x00053604   0x00000010   Data   RO         6053    .constdata          NUemWin_CM4_Keil.lib(LCD_RotateCW.o)
    0x00053614   0x00000074   Data   RO         6115    .constdata          NUemWin_CM4_Keil.lib(GUIDEV_16.o)
    0x00053688   0x00000074   Data   RO         6140    .constdata          NUemWin_CM4_Keil.lib(GUIDEV_32.o)
    0x000536fc   0x00000008   Data   RO         6707    .constdata          NUemWin_CM4_Keil.lib(WM_MULTIBUF.o)
    0x00053704   0x0000000c   Data   RO         6807    .constdata          NUemWin_CM4_Keil.lib(GUIAA_Char2Ext_XBF.o)
    0x00053710   0x00000018   Data   RO         6808    .constdata          NUemWin_CM4_Keil.lib(GUIAA_Char2Ext_XBF.o)
    0x00053728   0x0000000c   Data   RO         6813    .constdata          NUemWin_CM4_Keil.lib(GUIAA_Char4Ext_XBF.o)
    0x00053734   0x00000018   Data   RO         6814    .constdata          NUemWin_CM4_Keil.lib(GUIAA_Char4Ext_XBF.o)
    0x0005374c   0x00000018   Data   RO         6899    .constdata          NUemWin_CM4_Keil.lib(GUICC_0.o)
    0x00053764   0x00000010   Data   RO         6943    .constdata          NUemWin_CM4_Keil.lib(GUI_BMP.o)
    0x00053774   0x00000010   Data   RO         7062    .constdata          NUemWin_CM4_Keil.lib(GUI_DrawBitmap_24.o)
    0x00053784   0x00000010   Data   RO         7070    .constdata          NUemWin_CM4_Keil.lib(GUI_DrawBitmap_444.o)
    0x00053794   0x00000010   Data   RO         7071    .constdata          NUemWin_CM4_Keil.lib(GUI_DrawBitmap_444.o)
    0x000537a4   0x00000010   Data   RO         7072    .constdata          NUemWin_CM4_Keil.lib(GUI_DrawBitmap_444.o)
    0x000537b4   0x00000010   Data   RO         7073    .constdata          NUemWin_CM4_Keil.lib(GUI_DrawBitmap_444.o)
    0x000537c4   0x00000010   Data   RO         7074    .constdata          NUemWin_CM4_Keil.lib(GUI_DrawBitmap_444.o)
    0x000537d4   0x00000010   Data   RO         7075    .constdata          NUemWin_CM4_Keil.lib(GUI_DrawBitmap_444.o)
    0x000537e4   0x00000010   Data   RO         7084    .constdata          NUemWin_CM4_Keil.lib(GUI_DrawBitmap_555.o)
    0x000537f4   0x00000010   Data   RO         7085    .constdata          NUemWin_CM4_Keil.lib(GUI_DrawBitmap_555.o)
    0x00053804   0x00000010   Data   RO         7090    .constdata          NUemWin_CM4_Keil.lib(GUI_DrawBitmap_565.o)
    0x00053814   0x00000010   Data   RO         7091    .constdata          NUemWin_CM4_Keil.lib(GUI_DrawBitmap_565.o)
    0x00053824   0x00000010   Data   RO         7099    .constdata          NUemWin_CM4_Keil.lib(GUI_DrawBitmap_A16.o)
    0x00053834   0x00000010   Data   RO         7100    .constdata          NUemWin_CM4_Keil.lib(GUI_DrawBitmap_A16.o)
    0x00053844   0x00000010   Data   RO         7101    .constdata          NUemWin_CM4_Keil.lib(GUI_DrawBitmap_A16.o)
    0x00053854   0x00000010   Data   RO         7102    .constdata          NUemWin_CM4_Keil.lib(GUI_DrawBitmap_A16.o)
    0x00053864   0x00000060   Data   RO         7152    .constdata          NUemWin_CM4_Keil.lib(GUI_GIF.o)
    0x000538c4   0x00000080   Data   RO         7215    .constdata          NUemWin_CM4_Keil.lib(GUI_JPEG.o)
    0x00053944   0x0000000c   Data   RO         7276    .constdata          NUemWin_CM4_Keil.lib(GUI_XBF_PropExt.o)
    0x00053950   0x00000018   Data   RO         7277    .constdata          NUemWin_CM4_Keil.lib(GUI_XBF_PropExt.o)
    0x00053968   0x00000018   Data   RO         7282    .constdata          NUemWin_CM4_Keil.lib(GUI_XBF_PropFrm.o)
    0x00053980   0x00000100   Data   RO         7302    .constdata          NUemWin_CM4_Keil.lib(LCD_Mirror.o)
    0x00053a80   0x00000010   Data   RO         7322    .constdata          NUemWin_CM4_Keil.lib(LCD_RLE1.o)
    0x00053a90   0x00000010   Data   RO         7323    .constdata          NUemWin_CM4_Keil.lib(LCD_RLE1.o)
    0x00053aa0   0x00000010   Data   RO         7346    .constdata          NUemWin_CM4_Keil.lib(LCD_RLE16.o)
    0x00053ab0   0x00000010   Data   RO         7347    .constdata          NUemWin_CM4_Keil.lib(LCD_RLE16.o)
    0x00053ac0   0x00000010   Data   RO         7348    .constdata          NUemWin_CM4_Keil.lib(LCD_RLE16.o)
    0x00053ad0   0x00000010   Data   RO         7349    .constdata          NUemWin_CM4_Keil.lib(LCD_RLE16.o)
    0x00053ae0   0x00000010   Data   RO         7374    .constdata          NUemWin_CM4_Keil.lib(LCD_RLE32.o)
    0x00053af0   0x00000010   Data   RO         7375    .constdata          NUemWin_CM4_Keil.lib(LCD_RLE32.o)
    0x00053b00   0x00000010   Data   RO         7396    .constdata          NUemWin_CM4_Keil.lib(LCD_RLE4.o)
    0x00053b10   0x00000010   Data   RO         7397    .constdata          NUemWin_CM4_Keil.lib(LCD_RLE4.o)
    0x00053b20   0x00000010   Data   RO         7416    .constdata          NUemWin_CM4_Keil.lib(LCD_RLE8.o)
    0x00053b30   0x00000010   Data   RO         7417    .constdata          NUemWin_CM4_Keil.lib(LCD_RLE8.o)
    0x00053b40   0x00000010   Data   RO         7433    .constdata          NUemWin_CM4_Keil.lib(LCD_RLEAlpha.o)
    0x00053b50   0x00000010   Data   RO         7434    .constdata          NUemWin_CM4_Keil.lib(LCD_RLEAlpha.o)
    0x00053b60   0x0000000d   Data   RO         7500    .constdata          NUemWin_CM4_Keil.lib(F13_1.o)
    0x00053b6d   0x0000000d   Data   RO         7501    .constdata          NUemWin_CM4_Keil.lib(F13_1.o)
    0x00053b7a   0x0000000d   Data   RO         7502    .constdata          NUemWin_CM4_Keil.lib(F13_1.o)
    0x00053b87   0x0000000d   Data   RO         7503    .constdata          NUemWin_CM4_Keil.lib(F13_1.o)
    0x00053b94   0x0000000d   Data   RO         7504    .constdata          NUemWin_CM4_Keil.lib(F13_1.o)
    0x00053ba1   0x0000000d   Data   RO         7505    .constdata          NUemWin_CM4_Keil.lib(F13_1.o)
    0x00053bae   0x0000000d   Data   RO         7506    .constdata          NUemWin_CM4_Keil.lib(F13_1.o)
    0x00053bbb   0x0000000d   Data   RO         7507    .constdata          NUemWin_CM4_Keil.lib(F13_1.o)
    0x00053bc8   0x0000000d   Data   RO         7508    .constdata          NUemWin_CM4_Keil.lib(F13_1.o)
    0x00053bd5   0x0000001a   Data   RO         7509    .constdata          NUemWin_CM4_Keil.lib(F13_1.o)
    0x00053bef   0x0000000d   Data   RO         7510    .constdata          NUemWin_CM4_Keil.lib(F13_1.o)
    0x00053bfc   0x0000000d   Data   RO         7511    .constdata          NUemWin_CM4_Keil.lib(F13_1.o)
    0x00053c09   0x0000000d   Data   RO         7512    .constdata          NUemWin_CM4_Keil.lib(F13_1.o)
    0x00053c16   0x0000000d   Data   RO         7513    .constdata          NUemWin_CM4_Keil.lib(F13_1.o)
    0x00053c23   0x0000001a   Data   RO         7514    .constdata          NUemWin_CM4_Keil.lib(F13_1.o)
    0x00053c3d   0x0000000d   Data   RO         7515    .constdata          NUemWin_CM4_Keil.lib(F13_1.o)
    0x00053c4a   0x0000000d   Data   RO         7516    .constdata          NUemWin_CM4_Keil.lib(F13_1.o)
    0x00053c57   0x0000000d   Data   RO         7517    .constdata          NUemWin_CM4_Keil.lib(F13_1.o)
    0x00053c64   0x0000000d   Data   RO         7518    .constdata          NUemWin_CM4_Keil.lib(F13_1.o)
    0x00053c71   0x0000000d   Data   RO         7519    .constdata          NUemWin_CM4_Keil.lib(F13_1.o)
    0x00053c7e   0x0000000d   Data   RO         7520    .constdata          NUemWin_CM4_Keil.lib(F13_1.o)
    0x00053c8b   0x0000000d   Data   RO         7521    .constdata          NUemWin_CM4_Keil.lib(F13_1.o)
    0x00053c98   0x0000000d   Data   RO         7522    .constdata          NUemWin_CM4_Keil.lib(F13_1.o)
    0x00053ca5   0x0000000d   Data   RO         7523    .constdata          NUemWin_CM4_Keil.lib(F13_1.o)
    0x00053cb2   0x0000000d   Data   RO         7524    .constdata          NUemWin_CM4_Keil.lib(F13_1.o)
    0x00053cbf   0x0000000d   Data   RO         7525    .constdata          NUemWin_CM4_Keil.lib(F13_1.o)
    0x00053ccc   0x0000000d   Data   RO         7526    .constdata          NUemWin_CM4_Keil.lib(F13_1.o)
    0x00053cd9   0x0000000d   Data   RO         7527    .constdata          NUemWin_CM4_Keil.lib(F13_1.o)
    0x00053ce6   0x0000001a   Data   RO         7528    .constdata          NUemWin_CM4_Keil.lib(F13_1.o)
    0x00053d00   0x0000001a   Data   RO         7529    .constdata          NUemWin_CM4_Keil.lib(F13_1.o)
    0x00053d1a   0x0000001a   Data   RO         7530    .constdata          NUemWin_CM4_Keil.lib(F13_1.o)
    0x00053d34   0x0000000d   Data   RO         7531    .constdata          NUemWin_CM4_Keil.lib(F13_1.o)
    0x00053d41   0x0000000d   Data   RO         7532    .constdata          NUemWin_CM4_Keil.lib(F13_1.o)
    0x00053d4e   0x0000000d   Data   RO         7533    .constdata          NUemWin_CM4_Keil.lib(F13_1.o)
    0x00053d5b   0x0000000d   Data   RO         7534    .constdata          NUemWin_CM4_Keil.lib(F13_1.o)
    0x00053d68   0x0000000d   Data   RO         7535    .constdata          NUemWin_CM4_Keil.lib(F13_1.o)
    0x00053d75   0x0000000d   Data   RO         7536    .constdata          NUemWin_CM4_Keil.lib(F13_1.o)
    0x00053d82   0x0000000d   Data   RO         7537    .constdata          NUemWin_CM4_Keil.lib(F13_1.o)
    0x00053d8f   0x0000001a   Data   RO         7538    .constdata          NUemWin_CM4_Keil.lib(F13_1.o)
    0x00053da9   0x0000000d   Data   RO         7539    .constdata          NUemWin_CM4_Keil.lib(F13_1.o)
    0x00053db6   0x0000000d   Data   RO         7540    .constdata          NUemWin_CM4_Keil.lib(F13_1.o)
    0x00053dc3   0x0000000d   Data   RO         7541    .constdata          NUemWin_CM4_Keil.lib(F13_1.o)
    0x00053dd0   0x0000000d   Data   RO         7542    .constdata          NUemWin_CM4_Keil.lib(F13_1.o)
    0x00053ddd   0x0000000d   Data   RO         7543    .constdata          NUemWin_CM4_Keil.lib(F13_1.o)
    0x00053dea   0x0000000d   Data   RO         7544    .constdata          NUemWin_CM4_Keil.lib(F13_1.o)
    0x00053df7   0x0000000d   Data   RO         7545    .constdata          NUemWin_CM4_Keil.lib(F13_1.o)
    0x00053e04   0x0000000d   Data   RO         7546    .constdata          NUemWin_CM4_Keil.lib(F13_1.o)
    0x00053e11   0x0000000d   Data   RO         7547    .constdata          NUemWin_CM4_Keil.lib(F13_1.o)
    0x00053e1e   0x0000000d   Data   RO         7548    .constdata          NUemWin_CM4_Keil.lib(F13_1.o)
    0x00053e2b   0x0000000d   Data   RO         7549    .constdata          NUemWin_CM4_Keil.lib(F13_1.o)
    0x00053e38   0x0000000d   Data   RO         7550    .constdata          NUemWin_CM4_Keil.lib(F13_1.o)
    0x00053e45   0x0000000d   Data   RO         7551    .constdata          NUemWin_CM4_Keil.lib(F13_1.o)
    0x00053e52   0x0000000d   Data   RO         7552    .constdata          NUemWin_CM4_Keil.lib(F13_1.o)
    0x00053e5f   0x0000000d   Data   RO         7553    .constdata          NUemWin_CM4_Keil.lib(F13_1.o)
    0x00053e6c   0x0000000d   Data   RO         7554    .constdata          NUemWin_CM4_Keil.lib(F13_1.o)
    0x00053e79   0x0000000d   Data   RO         7555    .constdata          NUemWin_CM4_Keil.lib(F13_1.o)
    0x00053e86   0x0000000d   Data   RO         7556    .constdata          NUemWin_CM4_Keil.lib(F13_1.o)
    0x00053e93   0x0000000d   Data   RO         7557    .constdata          NUemWin_CM4_Keil.lib(F13_1.o)
    0x00053ea0   0x0000000d   Data   RO         7558    .constdata          NUemWin_CM4_Keil.lib(F13_1.o)
    0x00053ead   0x0000000d   Data   RO         7559    .constdata          NUemWin_CM4_Keil.lib(F13_1.o)
    0x00053eba   0x0000000d   Data   RO         7560    .constdata          NUemWin_CM4_Keil.lib(F13_1.o)
    0x00053ec7   0x0000000d   Data   RO         7561    .constdata          NUemWin_CM4_Keil.lib(F13_1.o)
    0x00053ed4   0x0000000d   Data   RO         7562    .constdata          NUemWin_CM4_Keil.lib(F13_1.o)
    0x00053ee1   0x0000000d   Data   RO         7563    .constdata          NUemWin_CM4_Keil.lib(F13_1.o)
    0x00053eee   0x0000000d   Data   RO         7564    .constdata          NUemWin_CM4_Keil.lib(F13_1.o)
    0x00053efb   0x0000000d   Data   RO         7565    .constdata          NUemWin_CM4_Keil.lib(F13_1.o)
    0x00053f08   0x0000000d   Data   RO         7566    .constdata          NUemWin_CM4_Keil.lib(F13_1.o)
    0x00053f15   0x0000000d   Data   RO         7567    .constdata          NUemWin_CM4_Keil.lib(F13_1.o)
    0x00053f22   0x0000000d   Data   RO         7568    .constdata          NUemWin_CM4_Keil.lib(F13_1.o)
    0x00053f2f   0x0000000d   Data   RO         7569    .constdata          NUemWin_CM4_Keil.lib(F13_1.o)
    0x00053f3c   0x0000001a   Data   RO         7570    .constdata          NUemWin_CM4_Keil.lib(F13_1.o)
    0x00053f56   0x0000000d   Data   RO         7571    .constdata          NUemWin_CM4_Keil.lib(F13_1.o)
    0x00053f63   0x0000000d   Data   RO         7572    .constdata          NUemWin_CM4_Keil.lib(F13_1.o)
    0x00053f70   0x0000000d   Data   RO         7573    .constdata          NUemWin_CM4_Keil.lib(F13_1.o)
    0x00053f7d   0x0000000d   Data   RO         7574    .constdata          NUemWin_CM4_Keil.lib(F13_1.o)
    0x00053f8a   0x0000000d   Data   RO         7575    .constdata          NUemWin_CM4_Keil.lib(F13_1.o)
    0x00053f97   0x0000000d   Data   RO         7576    .constdata          NUemWin_CM4_Keil.lib(F13_1.o)
    0x00053fa4   0x0000000d   Data   RO         7577    .constdata          NUemWin_CM4_Keil.lib(F13_1.o)
    0x00053fb1   0x0000000d   Data   RO         7578    .constdata          NUemWin_CM4_Keil.lib(F13_1.o)
    0x00053fbe   0x0000000d   Data   RO         7579    .constdata          NUemWin_CM4_Keil.lib(F13_1.o)
    0x00053fcb   0x0000000d   Data   RO         7580    .constdata          NUemWin_CM4_Keil.lib(F13_1.o)
    0x00053fd8   0x0000000d   Data   RO         7581    .constdata          NUemWin_CM4_Keil.lib(F13_1.o)
    0x00053fe5   0x0000000d   Data   RO         7582    .constdata          NUemWin_CM4_Keil.lib(F13_1.o)
    0x00053ff2   0x0000000d   Data   RO         7583    .constdata          NUemWin_CM4_Keil.lib(F13_1.o)
    0x00053fff   0x0000000d   Data   RO         7584    .constdata          NUemWin_CM4_Keil.lib(F13_1.o)
    0x0005400c   0x0000000d   Data   RO         7585    .constdata          NUemWin_CM4_Keil.lib(F13_1.o)
    0x00054019   0x0000000d   Data   RO         7586    .constdata          NUemWin_CM4_Keil.lib(F13_1.o)
    0x00054026   0x0000000d   Data   RO         7587    .constdata          NUemWin_CM4_Keil.lib(F13_1.o)
    0x00054033   0x0000000d   Data   RO         7588    .constdata          NUemWin_CM4_Keil.lib(F13_1.o)
    0x00054040   0x0000000d   Data   RO         7589    .constdata          NUemWin_CM4_Keil.lib(F13_1.o)
    0x0005404d   0x0000000d   Data   RO         7590    .constdata          NUemWin_CM4_Keil.lib(F13_1.o)
    0x0005405a   0x0000000d   Data   RO         7591    .constdata          NUemWin_CM4_Keil.lib(F13_1.o)
    0x00054067   0x0000000d   Data   RO         7592    .constdata          NUemWin_CM4_Keil.lib(F13_1.o)
    0x00054074   0x0000000d   Data   RO         7593    .constdata          NUemWin_CM4_Keil.lib(F13_1.o)
    0x00054081   0x0000000d   Data   RO         7594    .constdata          NUemWin_CM4_Keil.lib(F13_1.o)
    0x0005408e   0x0000000d   Data   RO         7595    .constdata          NUemWin_CM4_Keil.lib(F13_1.o)
    0x0005409b   0x00000001   PAD
    0x0005409c   0x00000600   Data   RO         7596    .constdata          NUemWin_CM4_Keil.lib(F13_1.o)
    0x0005469c   0x0000000c   Data   RO         7597    .constdata          NUemWin_CM4_Keil.lib(F13_1.o)
    0x000546a8   0x00000038   Data   RO         7598    .constdata          NUemWin_CM4_Keil.lib(F13_1.o)
    0x000546e0   0x00000018   Data   RO         7621    .constdata          NUemWin_CM4_Keil.lib(GUIDEV_UsageBM.o)
    0x000546f8   0x00000034   Data   RO         7634    .constdata          NUemWin_CM4_Keil.lib(GUIDEV_WriteToActiveAlpha.o)
    0x0005472c   0x0000001c   Data   RO         7798    .constdata          NUemWin_CM4_Keil.lib(WIDGET_Effect_Simple.o)
    0x00054748   0x00000018   Data   RO         7889    .constdata          NUemWin_CM4_Keil.lib(GUICC_M555.o)
    0x00054760   0x00000018   Data   RO         7901    .constdata          NUemWin_CM4_Keil.lib(GUICC_M565.o)
    0x00054778   0x00000050   Data   RO         7969    .constdata          NUemWin_CM4_Keil.lib(GUI_JPEG_IDCT.o)
    0x000547c8   0x0000000d   Data   RO         8098    .constdata          NUemWin_CM4_Keil.lib(F13_ASCII.o)
    0x000547d5   0x0000000d   Data   RO         8099    .constdata          NUemWin_CM4_Keil.lib(F13_ASCII.o)
    0x000547e2   0x0000000d   Data   RO         8100    .constdata          NUemWin_CM4_Keil.lib(F13_ASCII.o)
    0x000547ef   0x0000000d   Data   RO         8101    .constdata          NUemWin_CM4_Keil.lib(F13_ASCII.o)
    0x000547fc   0x0000000d   Data   RO         8102    .constdata          NUemWin_CM4_Keil.lib(F13_ASCII.o)
    0x00054809   0x0000001a   Data   RO         8103    .constdata          NUemWin_CM4_Keil.lib(F13_ASCII.o)
    0x00054823   0x0000000d   Data   RO         8104    .constdata          NUemWin_CM4_Keil.lib(F13_ASCII.o)
    0x00054830   0x0000000d   Data   RO         8105    .constdata          NUemWin_CM4_Keil.lib(F13_ASCII.o)
    0x0005483d   0x0000000d   Data   RO         8106    .constdata          NUemWin_CM4_Keil.lib(F13_ASCII.o)
    0x0005484a   0x0000000d   Data   RO         8107    .constdata          NUemWin_CM4_Keil.lib(F13_ASCII.o)
    0x00054857   0x0000000d   Data   RO         8108    .constdata          NUemWin_CM4_Keil.lib(F13_ASCII.o)
    0x00054864   0x0000000d   Data   RO         8109    .constdata          NUemWin_CM4_Keil.lib(F13_ASCII.o)
    0x00054871   0x0000000d   Data   RO         8110    .constdata          NUemWin_CM4_Keil.lib(F13_ASCII.o)
    0x0005487e   0x0000000d   Data   RO         8111    .constdata          NUemWin_CM4_Keil.lib(F13_ASCII.o)
    0x0005488b   0x0000000d   Data   RO         8112    .constdata          NUemWin_CM4_Keil.lib(F13_ASCII.o)
    0x00054898   0x0000000d   Data   RO         8113    .constdata          NUemWin_CM4_Keil.lib(F13_ASCII.o)
    0x000548a5   0x0000000d   Data   RO         8114    .constdata          NUemWin_CM4_Keil.lib(F13_ASCII.o)
    0x000548b2   0x0000000d   Data   RO         8115    .constdata          NUemWin_CM4_Keil.lib(F13_ASCII.o)
    0x000548bf   0x0000000d   Data   RO         8116    .constdata          NUemWin_CM4_Keil.lib(F13_ASCII.o)
    0x000548cc   0x0000000d   Data   RO         8117    .constdata          NUemWin_CM4_Keil.lib(F13_ASCII.o)
    0x000548d9   0x0000000d   Data   RO         8118    .constdata          NUemWin_CM4_Keil.lib(F13_ASCII.o)
    0x000548e6   0x0000000d   Data   RO         8119    .constdata          NUemWin_CM4_Keil.lib(F13_ASCII.o)
    0x000548f3   0x0000000d   Data   RO         8120    .constdata          NUemWin_CM4_Keil.lib(F13_ASCII.o)
    0x00054900   0x0000000d   Data   RO         8121    .constdata          NUemWin_CM4_Keil.lib(F13_ASCII.o)
    0x0005490d   0x0000000d   Data   RO         8122    .constdata          NUemWin_CM4_Keil.lib(F13_ASCII.o)
    0x0005491a   0x0000000d   Data   RO         8123    .constdata          NUemWin_CM4_Keil.lib(F13_ASCII.o)
    0x00054927   0x0000000d   Data   RO         8124    .constdata          NUemWin_CM4_Keil.lib(F13_ASCII.o)
    0x00054934   0x0000000d   Data   RO         8125    .constdata          NUemWin_CM4_Keil.lib(F13_ASCII.o)
    0x00054941   0x0000000d   Data   RO         8126    .constdata          NUemWin_CM4_Keil.lib(F13_ASCII.o)
    0x0005494e   0x0000000d   Data   RO         8127    .constdata          NUemWin_CM4_Keil.lib(F13_ASCII.o)
    0x0005495b   0x0000000d   Data   RO         8128    .constdata          NUemWin_CM4_Keil.lib(F13_ASCII.o)
    0x00054968   0x0000000d   Data   RO         8129    .constdata          NUemWin_CM4_Keil.lib(F13_ASCII.o)
    0x00054975   0x0000001a   Data   RO         8130    .constdata          NUemWin_CM4_Keil.lib(F13_ASCII.o)
    0x0005498f   0x0000000d   Data   RO         8131    .constdata          NUemWin_CM4_Keil.lib(F13_ASCII.o)
    0x0005499c   0x0000000d   Data   RO         8132    .constdata          NUemWin_CM4_Keil.lib(F13_ASCII.o)
    0x000549a9   0x0000000d   Data   RO         8133    .constdata          NUemWin_CM4_Keil.lib(F13_ASCII.o)
    0x000549b6   0x0000000d   Data   RO         8134    .constdata          NUemWin_CM4_Keil.lib(F13_ASCII.o)
    0x000549c3   0x0000000d   Data   RO         8135    .constdata          NUemWin_CM4_Keil.lib(F13_ASCII.o)
    0x000549d0   0x0000000d   Data   RO         8136    .constdata          NUemWin_CM4_Keil.lib(F13_ASCII.o)
    0x000549dd   0x0000000d   Data   RO         8137    .constdata          NUemWin_CM4_Keil.lib(F13_ASCII.o)
    0x000549ea   0x0000000d   Data   RO         8138    .constdata          NUemWin_CM4_Keil.lib(F13_ASCII.o)
    0x000549f7   0x0000000d   Data   RO         8139    .constdata          NUemWin_CM4_Keil.lib(F13_ASCII.o)
    0x00054a04   0x0000000d   Data   RO         8140    .constdata          NUemWin_CM4_Keil.lib(F13_ASCII.o)
    0x00054a11   0x0000000d   Data   RO         8141    .constdata          NUemWin_CM4_Keil.lib(F13_ASCII.o)
    0x00054a1e   0x0000000d   Data   RO         8142    .constdata          NUemWin_CM4_Keil.lib(F13_ASCII.o)
    0x00054a2b   0x0000000d   Data   RO         8143    .constdata          NUemWin_CM4_Keil.lib(F13_ASCII.o)
    0x00054a38   0x0000000d   Data   RO         8144    .constdata          NUemWin_CM4_Keil.lib(F13_ASCII.o)
    0x00054a45   0x0000000d   Data   RO         8145    .constdata          NUemWin_CM4_Keil.lib(F13_ASCII.o)
    0x00054a52   0x0000000d   Data   RO         8146    .constdata          NUemWin_CM4_Keil.lib(F13_ASCII.o)
    0x00054a5f   0x0000000d   Data   RO         8147    .constdata          NUemWin_CM4_Keil.lib(F13_ASCII.o)
    0x00054a6c   0x0000000d   Data   RO         8148    .constdata          NUemWin_CM4_Keil.lib(F13_ASCII.o)
    0x00054a79   0x0000000d   Data   RO         8149    .constdata          NUemWin_CM4_Keil.lib(F13_ASCII.o)
    0x00054a86   0x0000000d   Data   RO         8150    .constdata          NUemWin_CM4_Keil.lib(F13_ASCII.o)
    0x00054a93   0x0000000d   Data   RO         8151    .constdata          NUemWin_CM4_Keil.lib(F13_ASCII.o)
    0x00054aa0   0x0000000d   Data   RO         8152    .constdata          NUemWin_CM4_Keil.lib(F13_ASCII.o)
    0x00054aad   0x0000001a   Data   RO         8153    .constdata          NUemWin_CM4_Keil.lib(F13_ASCII.o)
    0x00054ac7   0x0000000d   Data   RO         8154    .constdata          NUemWin_CM4_Keil.lib(F13_ASCII.o)
    0x00054ad4   0x0000000d   Data   RO         8155    .constdata          NUemWin_CM4_Keil.lib(F13_ASCII.o)
    0x00054ae1   0x0000000d   Data   RO         8156    .constdata          NUemWin_CM4_Keil.lib(F13_ASCII.o)
    0x00054aee   0x0000000d   Data   RO         8157    .constdata          NUemWin_CM4_Keil.lib(F13_ASCII.o)
    0x00054afb   0x0000000d   Data   RO         8158    .constdata          NUemWin_CM4_Keil.lib(F13_ASCII.o)
    0x00054b08   0x0000000d   Data   RO         8159    .constdata          NUemWin_CM4_Keil.lib(F13_ASCII.o)
    0x00054b15   0x0000000d   Data   RO         8160    .constdata          NUemWin_CM4_Keil.lib(F13_ASCII.o)
    0x00054b22   0x0000000d   Data   RO         8161    .constdata          NUemWin_CM4_Keil.lib(F13_ASCII.o)
    0x00054b2f   0x0000000d   Data   RO         8162    .constdata          NUemWin_CM4_Keil.lib(F13_ASCII.o)
    0x00054b3c   0x0000000d   Data   RO         8163    .constdata          NUemWin_CM4_Keil.lib(F13_ASCII.o)
    0x00054b49   0x0000000d   Data   RO         8164    .constdata          NUemWin_CM4_Keil.lib(F13_ASCII.o)
    0x00054b56   0x0000000d   Data   RO         8165    .constdata          NUemWin_CM4_Keil.lib(F13_ASCII.o)
    0x00054b63   0x0000000d   Data   RO         8166    .constdata          NUemWin_CM4_Keil.lib(F13_ASCII.o)
    0x00054b70   0x0000000d   Data   RO         8167    .constdata          NUemWin_CM4_Keil.lib(F13_ASCII.o)
    0x00054b7d   0x0000000d   Data   RO         8168    .constdata          NUemWin_CM4_Keil.lib(F13_ASCII.o)
    0x00054b8a   0x0000000d   Data   RO         8169    .constdata          NUemWin_CM4_Keil.lib(F13_ASCII.o)
    0x00054b97   0x0000000d   Data   RO         8170    .constdata          NUemWin_CM4_Keil.lib(F13_ASCII.o)
    0x00054ba4   0x0000000d   Data   RO         8171    .constdata          NUemWin_CM4_Keil.lib(F13_ASCII.o)
    0x00054bb1   0x0000000d   Data   RO         8172    .constdata          NUemWin_CM4_Keil.lib(F13_ASCII.o)
    0x00054bbe   0x0000000d   Data   RO         8173    .constdata          NUemWin_CM4_Keil.lib(F13_ASCII.o)
    0x00054bcb   0x0000000d   Data   RO         8174    .constdata          NUemWin_CM4_Keil.lib(F13_ASCII.o)
    0x00054bd8   0x0000000d   Data   RO         8175    .constdata          NUemWin_CM4_Keil.lib(F13_ASCII.o)
    0x00054be5   0x0000000d   Data   RO         8176    .constdata          NUemWin_CM4_Keil.lib(F13_ASCII.o)
    0x00054bf2   0x0000000d   Data   RO         8177    .constdata          NUemWin_CM4_Keil.lib(F13_ASCII.o)
    0x00054bff   0x0000000d   Data   RO         8178    .constdata          NUemWin_CM4_Keil.lib(F13_ASCII.o)
    0x00054c0c   0x0000000d   Data   RO         8179    .constdata          NUemWin_CM4_Keil.lib(F13_ASCII.o)
    0x00054c19   0x0000000d   Data   RO         8180    .constdata          NUemWin_CM4_Keil.lib(F13_ASCII.o)
    0x00054c26   0x0000000d   Data   RO         8181    .constdata          NUemWin_CM4_Keil.lib(F13_ASCII.o)
    0x00054c33   0x0000000d   Data   RO         8182    .constdata          NUemWin_CM4_Keil.lib(F13_ASCII.o)
    0x00054c40   0x0000000d   Data   RO         8183    .constdata          NUemWin_CM4_Keil.lib(F13_ASCII.o)
    0x00054c4d   0x0000000d   Data   RO         8184    .constdata          NUemWin_CM4_Keil.lib(F13_ASCII.o)
    0x00054c5a   0x0000000d   Data   RO         8185    .constdata          NUemWin_CM4_Keil.lib(F13_ASCII.o)
    0x00054c67   0x0000000d   Data   RO         8186    .constdata          NUemWin_CM4_Keil.lib(F13_ASCII.o)
    0x00054c74   0x0000000d   Data   RO         8187    .constdata          NUemWin_CM4_Keil.lib(F13_ASCII.o)
    0x00054c81   0x0000000d   Data   RO         8188    .constdata          NUemWin_CM4_Keil.lib(F13_ASCII.o)
    0x00054c8e   0x0000000d   Data   RO         8189    .constdata          NUemWin_CM4_Keil.lib(F13_ASCII.o)
    0x00054c9b   0x0000000d   Data   RO         8190    .constdata          NUemWin_CM4_Keil.lib(F13_ASCII.o)
    0x00054ca8   0x0000000d   Data   RO         8191    .constdata          NUemWin_CM4_Keil.lib(F13_ASCII.o)
    0x00054cb5   0x0000000d   Data   RO         8192    .constdata          NUemWin_CM4_Keil.lib(F13_ASCII.o)
    0x00054cc2   0x00000002   PAD
    0x00054cc4   0x000005f0   Data   RO         8193    .constdata          NUemWin_CM4_Keil.lib(F13_ASCII.o)
    0x000552b4   0x0000000c   Data   RO         8194    .constdata          NUemWin_CM4_Keil.lib(F13_ASCII.o)
    0x000552c0   0x00000028   Data   RO         8378    .constdata          c_w.l(_printf_hex_int.o)
    0x000552e8   0x00000011   Data   RO         8408    .constdata          c_w.l(__printf_flags_wp.o)
    0x000552f9   0x00000007   PAD
    0x00055300   0x00000030   Data   RO         8529    .constdata          m_wm.l(cos_i.o)
    0x00055330   0x000000c8   Data   RO         8547    .constdata          m_wm.l(rred.o)
    0x000553f8   0x00000028   Data   RO         8551    .constdata          m_wm.l(sin_i.o)
    0x00055420   0x00000001   Data   RO         7709    .conststring        NUemWin_CM4_Keil.lib(EDIT.o)
    0x00055421   0x00000003   PAD
    0x00055424   0x00000020   Data   RO         8729    Region$$Table       anon$$obj.o


    Execution Region ER_RW (Base: 0x20000000, Size: 0x00000c88, Max: 0xffffffff, ABSOLUTE)

    Base Addr    Size         Type   Attr      Idx    E Section Name        Object

    0x20000000   0x0000002c   Data   RW            6    .data               system_m480.o
    0x2000002c   0x00000004   Data   RW          366    .data               clk.o
    0x20000030   0x00000004   Data   RW          547    .data               eadc.o
    0x20000034   0x00000004   Data   RW          691    .data               retarget.o
    0x20000038   0x00000004   Data   RW         1094    .data               fmc.o
    0x2000003c   0x00000004   Data   RW         1528    .data               gui_x.o
    0x20000040   0x00000001   Data   RW         1655    .data               lcdconf.o
    0x20000041   0x00000003   PAD
    0x20000044   0x00000018   Data   RW         2016    .data               application.o
    0x2000005c   0x00000008   Data   RW         2147    .data               id_screen_00_slots.o
    0x20000064   0x00000002   Data   RW         2198    .data               appwconf.o
    0x20000066   0x00000002   PAD
    0x20000068   0x000004e0   Data   RW         2221    .data               id_screen_00.o
    0x20000548   0x00000024   Data   RW         2222    .data               id_screen_00.o
    0x2000056c   0x0000000c   Data   RW         2242    .data               resource.o
    0x20000578   0x00000004   Data   RW         2243    .data               resource.o
    0x2000057c   0x00000004   Data   RW         2465    .data               m48xtouchpanel.o
    0x20000580   0x00000028   Data   RW         2584    .data               thermostat.o
    0x200005a8   0x00000004   Data   RW         2585    .data               thermostat.o
    0x200005ac   0x00000030   Data   RW         2798    .data               platform.o
    0x200005dc   0x0000004c   Data   RW         3035    .data               NUemWin_CM4_Keil.lib(AppWizard.o)
    0x20000628   0x00000001   Data   RW         3036    .data               NUemWin_CM4_Keil.lib(AppWizard.o)
    0x20000629   0x00000003   PAD
    0x2000062c   0x00000008   Data   RW         3202    .data               NUemWin_CM4_Keil.lib(OWindow.o)
    0x20000634   0x00000004   Data   RW         3261    .data               NUemWin_CM4_Keil.lib(GUI_Alloc.o)
    0x20000638   0x00000014   Data   RW         3333    .data               NUemWin_CM4_Keil.lib(GUI_ANIM.o)
    0x2000064c   0x0000000c   Data   RW         3379    .data               NUemWin_CM4_Keil.lib(GUI_Char.o)
    0x20000658   0x00000025   Data   RW         3505    .data               NUemWin_CM4_Keil.lib(GUI_Common.o)
    0x2000067d   0x00000003   PAD
    0x20000680   0x00000054   Data   RW         3647    .data               NUemWin_CM4_Keil.lib(GUI_Core.o)
    0x200006d4   0x00000004   Data   RW         3648    .data               NUemWin_CM4_Keil.lib(GUI_Core.o)
    0x200006d8   0x00000001   Data   RW         3650    .data               NUemWin_CM4_Keil.lib(GUI_Core.o)
    0x200006d9   0x00000003   PAD
    0x200006dc   0x00000004   Data   RW         3651    .data               NUemWin_CM4_Keil.lib(GUI_Core.o)
    0x200006e0   0x00000004   Data   RW         3652    .data               NUemWin_CM4_Keil.lib(GUI_Core.o)
    0x200006e4   0x00000004   Data   RW         3654    .data               NUemWin_CM4_Keil.lib(GUI_Core.o)
    0x200006e8   0x00000004   Data   RW         3656    .data               NUemWin_CM4_Keil.lib(GUI_Core.o)
    0x200006ec   0x00000004   Data   RW         3657    .data               NUemWin_CM4_Keil.lib(GUI_Core.o)
    0x200006f0   0x00000004   Data   RW         3658    .data               NUemWin_CM4_Keil.lib(GUI_Core.o)
    0x200006f4   0x00000004   Data   RW         3659    .data               NUemWin_CM4_Keil.lib(GUI_Core.o)
    0x200006f8   0x00000004   Data   RW         3660    .data               NUemWin_CM4_Keil.lib(GUI_Core.o)
    0x200006fc   0x00000004   Data   RW         3661    .data               NUemWin_CM4_Keil.lib(GUI_Core.o)
    0x20000700   0x00000001   Data   RW         3662    .data               NUemWin_CM4_Keil.lib(GUI_Core.o)
    0x20000701   0x00000003   PAD
    0x20000704   0x00000004   Data   RW         3663    .data               NUemWin_CM4_Keil.lib(GUI_Core.o)
    0x20000708   0x00000004   Data   RW         3664    .data               NUemWin_CM4_Keil.lib(GUI_Core.o)
    0x2000070c   0x00000002   Data   RW         3665    .data               NUemWin_CM4_Keil.lib(GUI_Core.o)
    0x2000070e   0x00000002   Data   RW         3666    .data               NUemWin_CM4_Keil.lib(GUI_Core.o)
    0x20000710   0x00000001   Data   RW         3732    .data               NUemWin_CM4_Keil.lib(GUI_DispString.o)
    0x20000711   0x00000003   PAD
    0x20000714   0x0000000c   Data   RW         3762    .data               NUemWin_CM4_Keil.lib(GUI_DrawBitmap_8888.o)
    0x20000720   0x00000004   Data   RW         3783    .data               NUemWin_CM4_Keil.lib(GUI_DrawLine.o)
    0x20000724   0x0000000c   Data   RW         3815    .data               NUemWin_CM4_Keil.lib(GUI_MULTIBUF.o)
    0x20000730   0x00000014   Data   RW         3841    .data               NUemWin_CM4_Keil.lib(GUI_OnKey.o)
    0x20000744   0x00000038   Data   RW         3856    .data               NUemWin_CM4_Keil.lib(GUI_TOUCH_DriverAnalog.o)
    0x2000077c   0x0000001c   Data   RW         3995    .data               NUemWin_CM4_Keil.lib(GUIDRV_FlexColor.o)
    0x20000798   0x00000008   Data   RW         4090    .data               NUemWin_CM4_Keil.lib(GUIDRV_FlexColor_Func66709.o)
    0x200007a0   0x00000008   Data   RW         4450    .data               NUemWin_CM4_Keil.lib(ROTARY.o)
    0x200007a8   0x0000004c   Data   RW         4540    .data               NUemWin_CM4_Keil.lib(WM.o)
    0x200007f4   0x00000001   Data   RW         4541    .data               NUemWin_CM4_Keil.lib(WM.o)
    0x200007f5   0x00000003   Data   RW         4867    .data               NUemWin_CM4_Keil.lib(AppWizard_Action.o)
    0x200007f8   0x00000010   Data   RW         4968    .data               NUemWin_CM4_Keil.lib(AppWizard_Drawing.o)
    0x20000808   0x0000003c   Data   RW         5044    .data               NUemWin_CM4_Keil.lib(AppWizard_FileAccess.o)
    0x20000844   0x00000010   Data   RW         5078    .data               NUemWin_CM4_Keil.lib(AppWizard_Var.o)
    0x20000854   0x00000004   Data   RW         5112    .data               NUemWin_CM4_Keil.lib(GUI_2DLib.o)
    0x20000858   0x00000004   Data   RW         5126    .data               NUemWin_CM4_Keil.lib(GUI_CharLine.o)
    0x2000085c   0x00000004   Data   RW         5145    .data               NUemWin_CM4_Keil.lib(GUI_CharP.o)
    0x20000860   0x00000008   Data   RW         5161    .data               NUemWin_CM4_Keil.lib(GUI_DispStringInRectEx.o)
    0x20000868   0x00000040   Data   RW         5261    .data               NUemWin_CM4_Keil.lib(GUI_EnableAlpha.o)
    0x200008a8   0x00000008   Data   RW         5294    .data               NUemWin_CM4_Keil.lib(GUI_EncExt.o)
    0x200008b0   0x00000014   Data   RW         5303    .data               NUemWin_CM4_Keil.lib(GUI_FillPolygon.o)
    0x200008c4   0x00000018   Data   RW         5330    .data               NUemWin_CM4_Keil.lib(GUI_Lang.o)
    0x200008dc   0x00000028   Data   RW         5367    .data               NUemWin_CM4_Keil.lib(GUI_PID.o)
    0x20000904   0x00000014   Data   RW         5428    .data               NUemWin_CM4_Keil.lib(GUI_SetAlpha.o)
    0x20000918   0x00000004   Data   RW         5494    .data               NUemWin_CM4_Keil.lib(GUI_Stream.o)
    0x2000091c   0x00000004   Data   RW         5592    .data               NUemWin_CM4_Keil.lib(GUI_Time.o)
    0x20000920   0x00000014   Data   RW         5612    .data               NUemWin_CM4_Keil.lib(GUI_Timer.o)
    0x20000934   0x00000004   Data   RW         5632    .data               NUemWin_CM4_Keil.lib(GUI_TOUCH.o)
    0x20000938   0x0000001c   Data   RW         5641    .data               NUemWin_CM4_Keil.lib(GUI_TOUCH_Calibrate.o)
    0x20000954   0x00000008   Data   RW         5675    .data               NUemWin_CM4_Keil.lib(GUI_UC.o)
    0x2000095c   0x0000000c   Data   RW         5740    .data               NUemWin_CM4_Keil.lib(GUI_WaitEvent.o)
    0x20000968   0x00000004   Data   RW         5757    .data               NUemWin_CM4_Keil.lib(GUI__Alpha.o)
    0x2000096c   0x00000030   Data   RW         5758    .data               NUemWin_CM4_Keil.lib(GUI__Alpha.o)
    0x2000099c   0x00000010   Data   RW         5782    .data               NUemWin_CM4_Keil.lib(GUI__ManageCache.o)
    0x200009ac   0x00000004   Data   RW         5810    .data               NUemWin_CM4_Keil.lib(GUI__Private.o)
    0x200009b0   0x00000010   Data   RW         5811    .data               NUemWin_CM4_Keil.lib(GUI__Private.o)
    0x200009c0   0x00000010   Data   RW         5840    .data               NUemWin_CM4_Keil.lib(GUI__Wrap.o)
    0x200009d0   0x00000004   Data   RW         5870    .data               NUemWin_CM4_Keil.lib(LCD.o)
    0x200009d4   0x00000018   Data   RW         5904    .data               NUemWin_CM4_Keil.lib(LCD_AA.o)
    0x200009ec   0x00000014   Data   RW         5926    .data               NUemWin_CM4_Keil.lib(LCD_Color.o)
    0x20000a00   0x00000008   Data   RW         5983    .data               NUemWin_CM4_Keil.lib(LCD_GetEx.o)
    0x20000a08   0x0000000c   Data   RW         6036    .data               NUemWin_CM4_Keil.lib(LCD_Rotate180.o)
    0x20000a14   0x0000000c   Data   RW         6044    .data               NUemWin_CM4_Keil.lib(LCD_RotateCCW.o)
    0x20000a20   0x0000000c   Data   RW         6054    .data               NUemWin_CM4_Keil.lib(LCD_RotateCW.o)
    0x20000a2c   0x00000010   Data   RW         6086    .data               NUemWin_CM4_Keil.lib(GUIDEV.o)
    0x20000a3c   0x00000004   Data   RW         6155    .data               NUemWin_CM4_Keil.lib(GUIDEV_Banding.o)
    0x20000a40   0x00000008   Data   RW         6189    .data               NUemWin_CM4_Keil.lib(GUIDEV_Rotate.o)
    0x20000a48   0x00000001   Data   RW         6216    .data               NUemWin_CM4_Keil.lib(GUIDEV_StaticDevices.o)
    0x20000a49   0x00000003   PAD
    0x20000a4c   0x00000010   Data   RW         6280    .data               NUemWin_CM4_Keil.lib(IMAGE.o)
    0x20000a5c   0x00000018   Data   RW         6500    .data               NUemWin_CM4_Keil.lib(TEXT.o)
    0x20000a74   0x00000008   Data   RW         6570    .data               NUemWin_CM4_Keil.lib(WIDGET.o)
    0x20000a7c   0x00000004   Data   RW         6618    .data               NUemWin_CM4_Keil.lib(WINDOW.o)
    0x20000a80   0x00000024   Data   RW         6664    .data               NUemWin_CM4_Keil.lib(WM_Motion.o)
    0x20000aa4   0x00000004   Data   RW         6708    .data               NUemWin_CM4_Keil.lib(WM_MULTIBUF.o)
    0x20000aa8   0x00000018   Data   RW         6732    .data               NUemWin_CM4_Keil.lib(WM_Touch.o)
    0x20000ac0   0x00000004   Data   RW         6772    .data               NUemWin_CM4_Keil.lib(WM__Private.o)
    0x20000ac4   0x00000004   Data   RW         6799    .data               NUemWin_CM4_Keil.lib(GUIAA_Arc.o)
    0x20000ac8   0x00000008   Data   RW         6827    .data               NUemWin_CM4_Keil.lib(GUIAA_Circle.o)
    0x20000ad0   0x0000003c   Data   RW         6855    .data               NUemWin_CM4_Keil.lib(GUIAA_Lib.o)
    0x20000b0c   0x00000004   Data   RW         6875    .data               NUemWin_CM4_Keil.lib(GUIAA_Line.o)
    0x20000b10   0x00000018   Data   RW         6944    .data               NUemWin_CM4_Keil.lib(GUI_BMP.o)
    0x20000b28   0x00000008   Data   RW         6998    .data               NUemWin_CM4_Keil.lib(GUI_Circ.o)
    0x20000b30   0x00000004   Data   RW         7115    .data               NUemWin_CM4_Keil.lib(GUI_DrawRoundedRect.o)
    0x20000b34   0x00000004   Data   RW         7122    .data               NUemWin_CM4_Keil.lib(GUI_FillRoundedRect.o)
    0x20000b38   0x00000004   Data   RW         7153    .data               NUemWin_CM4_Keil.lib(GUI_GIF.o)
    0x20000b3c   0x00000008   Data   RW         7216    .data               NUemWin_CM4_Keil.lib(GUI_JPEG.o)
    0x20000b44   0x00000004   Data   RW         7284    .data               NUemWin_CM4_Keil.lib(GUI__BiDiRouting.o)
    0x20000b48   0x00000004   Data   RW         7288    .data               NUemWin_CM4_Keil.lib(GUI__BiDiRouting.o)
    0x20000b4c   0x00000014   Data   RW         7324    .data               NUemWin_CM4_Keil.lib(LCD_RLE1.o)
    0x20000b60   0x00000018   Data   RW         7350    .data               NUemWin_CM4_Keil.lib(LCD_RLE16.o)
    0x20000b78   0x00000018   Data   RW         7376    .data               NUemWin_CM4_Keil.lib(LCD_RLE32.o)
    0x20000b90   0x00000014   Data   RW         7398    .data               NUemWin_CM4_Keil.lib(LCD_RLE4.o)
    0x20000ba4   0x00000014   Data   RW         7418    .data               NUemWin_CM4_Keil.lib(LCD_RLE8.o)
    0x20000bb8   0x00000008   Data   RW         7435    .data               NUemWin_CM4_Keil.lib(LCD_RLEAlpha.o)
    0x20000bc0   0x00000014   Data   RW         7492    .data               NUemWin_CM4_Keil.lib(NVT_GUI_GB_EncodeGB2312.o)
    0x20000bd4   0x0000002c   Data   RW         7710    .data               NUemWin_CM4_Keil.lib(EDIT.o)
    0x20000c00   0x00000008   Data   RW         7774    .data               NUemWin_CM4_Keil.lib(GUI_DRAW_STREAMED.o)
    0x20000c08   0x00000004   Data   RW         7799    .data               NUemWin_CM4_Keil.lib(WIDGET_Effect_Simple.o)
    0x20000c0c   0x00000028   Data   RW         7844    .data               NUemWin_CM4_Keil.lib(GUIAA_Char2.o)
    0x20000c34   0x00000030   Data   RW         7859    .data               NUemWin_CM4_Keil.lib(GUIAA_Char4.o)
    0x20000c64   0x00000008   Data   RW         7902    .data               NUemWin_CM4_Keil.lib(GUICC_M565.o)
    0x20000c6c   0x0000000c   Data   RW         8077    .data               NUemWin_CM4_Keil.lib(GUI__GetCursorPos.o)
    0x20000c78   0x00000010   Data   RW         8091    .data               NUemWin_CM4_Keil.lib(LCD_NextPixelAPI.o)


    Execution Region ER_ZI (Base: 0x20000c88, Size: 0x000225c0, Max: 0xffffffff, ABSOLUTE)

    Base Addr    Size         Type   Attr      Idx    E Section Name        Object

    0x20000c88   0x00000048   Zero   RW         2014    .bss                application.o
    0x20000cd0   0x00000154   Zero   RW         2240    .bss                resource.o
    0x20000e24   0x000006b0   Zero   RW         2383    .bss                ts_calibrate.o
    0x200014d4   0x00020000   Zero   RW         2526    .bss                guiconf.o
    0x200214d4   0x0000000c   Zero   RW         2574    .bss                thermostat.o
    0x200214e0   0x0000001c   Zero   RW         2575    .bss                thermostat.o
    0x200214fc   0x00000010   Zero   RW         2576    .bss                thermostat.o
    0x2002150c   0x00000010   Zero   RW         2577    .bss                thermostat.o
    0x2002151c   0x00000010   Zero   RW         2578    .bss                thermostat.o
    0x2002152c   0x0000001c   Zero   RW         2579    .bss                thermostat.o
    0x20021548   0x00000014   Zero   RW         2580    .bss                thermostat.o
    0x2002155c   0x00000028   Zero   RW         2581    .bss                thermostat.o
    0x20021584   0x00000028   Zero   RW         2582    .bss                thermostat.o
    0x200215ac   0x00000100   Zero   RW         3033    .bss                NUemWin_CM4_Keil.lib(AppWizard.o)
    0x200216ac   0x00000028   Zero   RW         3200    .bss                NUemWin_CM4_Keil.lib(OWindow.o)
    0x200216d4   0x000000d0   Zero   RW         3260    .bss                NUemWin_CM4_Keil.lib(GUI_Alloc.o)
    0x200217a4   0x0000008c   Zero   RW         3645    .bss                NUemWin_CM4_Keil.lib(GUI_Core.o)
    0x20021830   0x00000040   Zero   RW         3811    .bss                NUemWin_CM4_Keil.lib(GUI_MULTIBUF.o)
    0x20021870   0x00000058   Zero   RW         3840    .bss                NUemWin_CM4_Keil.lib(GUI_OnKey.o)
    0x200218c8   0x00000058   Zero   RW         4538    .bss                NUemWin_CM4_Keil.lib(WM.o)
    0x20021920   0x00000230   Zero   RW         4865    .bss                NUemWin_CM4_Keil.lib(AppWizard_Action.o)
    0x20021b50   0x00000800   Zero   RW         5043    .bss                NUemWin_CM4_Keil.lib(AppWizard_FileAccess.o)
    0x20022350   0x00000048   Zero   RW         5366    .bss                NUemWin_CM4_Keil.lib(GUI_PID.o)
    0x20022398   0x00000010   Zero   RW         5390    .bss                NUemWin_CM4_Keil.lib(GUI_SelectLayer.o)
    0x200223a8   0x00000010   Zero   RW         5426    .bss                NUemWin_CM4_Keil.lib(GUI_SetAlpha.o)
    0x200223b8   0x0000000c   Zero   RW         5631    .bss                NUemWin_CM4_Keil.lib(GUI_TOUCH.o)
    0x200223c4   0x00000018   Zero   RW         5640    .bss                NUemWin_CM4_Keil.lib(GUI_TOUCH_Calibrate.o)
    0x200223dc   0x0000000c   Zero   RW         5649    .bss                NUemWin_CM4_Keil.lib(GUI_TOUCH_StoreState.o)
    0x200223e8   0x00000010   Zero   RW         5781    .bss                NUemWin_CM4_Keil.lib(GUI__ManageCache.o)
    0x200223f8   0x00000094   Zero   RW         6663    .bss                NUemWin_CM4_Keil.lib(WM_Motion.o)
    0x2002248c   0x00000090   Zero   RW         6731    .bss                NUemWin_CM4_Keil.lib(WM_Touch.o)
    0x2002251c   0x00000058   Zero   RW         6942    .bss                NUemWin_CM4_Keil.lib(GUI_BMP.o)
    0x20022574   0x00000080   Zero   RW         7041    .bss                NUemWin_CM4_Keil.lib(GUI_Cursor.o)
    0x200225f4   0x00000100   Zero   RW         7151    .bss                NUemWin_CM4_Keil.lib(GUI_GIF.o)
    0x200226f4   0x00000140   Zero   RW         7462    .bss                NUemWin_CM4_Keil.lib(LCD_RotateDisplay.o)
    0x20022834   0x00000030   Zero   RW         7817    .bss                NUemWin_CM4_Keil.lib(WM_PID__GetPrevState.o)
    0x20022864   0x00000010   Zero   RW         7843    .bss                NUemWin_CM4_Keil.lib(GUIAA_Char2.o)
    0x20022874   0x00000040   Zero   RW         7858    .bss                NUemWin_CM4_Keil.lib(GUIAA_Char4.o)
    0x200228b4   0x00000030   Zero   RW         8090    .bss                NUemWin_CM4_Keil.lib(LCD_NextPixelAPI.o)
    0x200228e4   0x00000060   Zero   RW         8593    .bss                c_w.l(libspace.o)
    0x20022944   0x00000004   PAD
    0x20022948   0x00000100   Zero   RW          326    HEAP                startup_m480.o
    0x20022a48   0x00000800   Zero   RW          325    STACK               startup_m480.o


==============================================================================

Image component sizes


      Code (inc. data)   RO Data    RW Data    ZI Data      Debug   Object Name

      1904        162         20         24         72      15958   application.o
         0          0         38          0          0      68856   appw_language_0.o
       124          8          0          2          0       2215   appwconf.o
         0          0        600          0          0       1286   bitmaps.o
      1148         76          0          4          0      10492   clk.o
        96         16          0          4          0       2126   eadc.o
       220         46          0          0          0       1479   ebi.o
       416         70          0          4          0       4823   fmc.o
        44          0          0          0          0       1111   gpio.o
        36         10          0          4          0      65432   gui_x.o
        32         10          0          0     131072        563   guiconf.o
       124         12          0          0          0       3004   i2c.o
         0          0       3240       1284          0        792   id_screen_00.o
       190          4          0          8          0       5892   id_screen_00_slots.o
         0          0         89          0          0        769   indicatoractual_18x2.o
         0          0        305          0          0        773   indicatortarget_24x3.o
      1292        236          0          1          0      15299   lcdconf.o
         0          0       4697          0          0        719   leaf_30x39.o
       466         68          0          4          0      34013   m48xtouchpanel.o
         0          0       6579          0          0        754   nettoot_16_normal_ext_aa4.o
         0          0      13899          0          0        754   nettoot_32_normal_ext_aa4.o
      1628        254          0         48          0      52570   platform.o
        68         12          8         16        340       2354   resource.o
       610        296          0          4          0      17633   retarget.o
         0          0      26097          0          0        754   roboto_150_normal_ext_aa4.o
         0          0      10205          0          0        745   roboto_16_normal_ext_aa4.o
         0          0      38937          0          0        749   roboto_40_normal_ext_aa4.o
       172         50        500          0       2304       1128   startup_m480.o
        28          4          0          0          0        630   sys.o
       192         20          0         44          0     103927   system_m480.o
      1632        168         40         44        216     105986   thermostat.o
       174         18         32          0          0       2196   timer.o
      2424        442          0          0       1712      10005   ts_calibrate.o
       376         42         48          0          0       2153   uart.o

    ----------------------------------------------------------------------
     13432       2024     105368       1500     135716     537940   Object Totals
         0          0         32          0          0          0   (incl. Generated)
        36          0          2          5          0          0   (incl. Padding)

    ----------------------------------------------------------------------

      Code (inc. data)   RO Data    RW Data    ZI Data      Debug   Library Member Name

      5936        224          0         77        256       6372   AppWizard.o
      8808        200        332          3        560       5784   AppWizard_Action.o
       442          0          0          0          0        284   AppWizard_Condition.o
      1176         54        376         16          0       6156   AppWizard_Drawing.o
      1260        140          0         60       2048       2632   AppWizard_FileAccess.o
       918         78          0         16          0       1100   AppWizard_Var.o
      4864         82          1         44          0       1996   EDIT.o
      1800         32          0          0          0        420   EDITDec.o
         0          0       2348          0          0          0   F08_ASCII.o
         0          0       3005          0          0          0   F13B_ASCII.o
         0          0       2943          0          0          0   F13_1.o
         0          0       2806          0          0          0   F13_ASCII.o
         0          0       5644          0          0          0   F24B_ASCII.o
         0          0       8020          0          0          0   F32_ASCII.o
         0          0       1844          0          0          0   F6x8.o
       420         12          0          4          0        316   GUIAA_Arc.o
       420         28          0         40         16        172   GUIAA_Char2.o
       548         20         36          0          0        308   GUIAA_Char2Ext_XBF.o
       348         28          0         48         64        316   GUIAA_Char4.o
       548         20         36          0          0        308   GUIAA_Char4Ext_XBF.o
      2312         34          0          8          0        800   GUIAA_Circle.o
       790          4          0          0          0        308   GUIAA_DrawRoundedRect.o
       930          4          0          0          0        280   GUIAA_FillRoundedRect.o
      1016        112          0         60          0       1228   GUIAA_Lib.o
       356          8          0          4          0        164   GUIAA_Line.o
       224          0         24          0          0        388   GUICC_0.o
        40          6          0          0          0        116   GUICC_444_12_1_Index2Color.o
        40          6          0          0          0        116   GUICC_444_12_Index2Color.o
        40          6          0          0          0        116   GUICC_444_16_Index2Color.o
        40          6          0          0          0        116   GUICC_555_Index2Color.o
       382         36         24          0          0        644   GUICC_565.o
        30          0          0          0          0        116   GUICC_8888_Index2Color.o
        24          0          0          0          0        116   GUICC_888_Index2Color.o
        40          6          0          0          0        116   GUICC_M444_12_1_Index2Color.o
        40          6          0          0          0        116   GUICC_M444_12_Index2Color.o
        40          6          0          0          0        116   GUICC_M444_16_Index2Color.o
       342         24         24          0          0        636   GUICC_M555.o
       426         46         24          8          0        676   GUICC_M565.o
       158          0         24          0          0        504   GUICC_M8888I.o
         2          0          0          0          0        116   GUICC_M8888I_Index2Color.o
      1158         76          0         16          0       1604   GUIDEV.o
      3014         60        116          0          0       1584   GUIDEV_16.o
      3048         62        116          0          0       1592   GUIDEV_32.o
       352         18          0          4          0        268   GUIDEV_Banding.o
       134          6          0          0          0        272   GUIDEV_Clear.o
        36         10          0          0          0        132   GUIDEV_CreateFixed.o
       332          6          0          0          0        164   GUIDEV_DrawBitmap.o
        28          0          0          0          0        128   GUIDEV_GetDataPtr.o
        80         12          0          0          0        256   GUIDEV_GetPos.o
        40          6          0          0          0        128   GUIDEV_GetXSize.o
        40          6          0          0          0        128   GUIDEV_GetYSize.o
        48          4          0          0          0        128   GUIDEV_ReduceYSize.o
      3158         34          0          8          0       1232   GUIDEV_Rotate.o
        56          0          0          0          0        256   GUIDEV_SetColorConv.o
       100          6          0          0          0        140   GUIDEV_SetOrg.o
       576         42          0          1          0        296   GUIDEV_StaticDevices.o
        76          0          0          0          0        260   GUIDEV_Usage.o
       464          6         24          0          0        752   GUIDEV_UsageBM.o
       204          0          0          0          0        288   GUIDEV_Write.o
      1492         20          0          0          0        276   GUIDEV_WriteAlpha.o
       996         52         52          0          0        364   GUIDEV_WriteToActiveAlpha.o
      2224         12          0          0          0        324   GUIDEV_WriteToActiveOpaque.o
        90          4          0          0          0        248   GUIDEV_XY2PTR.o
      1744         88        116         28          0       5800   GUIDRV_FlexColor.o
      1728         42          0          0          0        676   GUIDRV_FlexColor_16bpp_C0B16.o
      1770        116          0          8          0       3340   GUIDRV_FlexColor_Func66709.o
       420         28          0          4          0        616   GUI_2DLib.o
      2310         84          0         20          0       2400   GUI_ANIM.o
      2386        140          0          4        208       3004   GUI_Alloc.o
      1352         20          0          0          0        536   GUI_Arc.o
      4466        126         16         24         88       2916   GUI_BMP.o
       586         62         16         12          0       1348   GUI_Char.o
       714         38          0          4          0        680   GUI_CharLine.o
       418          8          0          0          0        512   GUI_CharM.o
       546         36          0          4          0        548   GUI_CharP.o
        28          0          0          0          0        116   GUI_CharPExt.o
      2410         62          0          8          0       1496   GUI_Circ.o
      2162        160         56         37          0       5416   GUI_Common.o
      1960         50          0          0          0        676   GUI_CopyRect.o
       760        104          8        138        140       1028   GUI_Core.o
       108          4          0          0        128        140   GUI_Cursor.o
       120          0          0          0          0        392   GUI_DRAW.o
         0          0          0          8          0          0   GUI_DRAW_STREAMED.o
       504         32          0          0          0        860   GUI_Device.o
      2134         42          0          1          0       1276   GUI_DispString.o
       164         12          0          8          0        164   GUI_DispStringInRectEx.o
       436         22          0          0          0        432   GUI_DrawBitmap.o
       468         10         16          0          0        192   GUI_DrawBitmap_24.o
       240         24         96          0          0        840   GUI_DrawBitmap_444.o
        80          8         32          0          0        280   GUI_DrawBitmap_555.o
        88         16         32          0          0        280   GUI_DrawBitmap_565.o
      1944         80         32         12          0        788   GUI_DrawBitmap_8888.o
       924         34         64          0          0        720   GUI_DrawBitmap_A16.o
       982         36          0          0          0        772   GUI_DrawGradient.o
      1002         38          0          0          0        764   GUI_DrawGradientRounded.o
       632         42          0          0          0       1100   GUI_DrawLib.o
      2144         82         68          4          0        952   GUI_DrawLine.o
       468          6          0          0          0        156   GUI_DrawRoundedFrame.o
       508         14          0          4          0        156   GUI_DrawRoundedRect.o
      1898        140         88         64          0       2916   GUI_EnableAlpha.o
       628         50         12          8          0        668   GUI_EncExt.o
       812         18          0         20          0        280   GUI_FillPolygon.o
       374         14          0          4          0        280   GUI_FillRoundedRect.o
      4250         88         96          4        256       2820   GUI_GIF.o
     12266        254        128          8          0       4020   GUI_JPEG.o
      1052         18         80          0          0        156   GUI_JPEG_IDCT.o
      1290         60          4         24          0       1416   GUI_Lang.o
       412         82          0         12         64        516   GUI_MULTIBUF.o
       164         32          0         20         88        376   GUI_OnKey.o
       452         74          0         40         72        860   GUI_PID.o
      2012         42          0          0          0        720   GUI_SPRITE.o
        96         14          0          0         16        488   GUI_SelectLayer.o
      4152        244         76         20         16       3468   GUI_SetAlpha.o
      2002        150          0          4          0       1144   GUI_Stream.o
       332        122          0          0          0        140   GUI_StreamCreate.o
       104          8          0          4         12        144   GUI_TOUCH.o
      1712         26          0         28         24        344   GUI_TOUCH_Calibrate.o
       384         24          0         56          0        292   GUI_TOUCH_DriverAnalog.o
        12          6          0          0         12        116   GUI_TOUCH_StoreState.o
        16          6          0          4          0        232   GUI_Time.o
       926         42          0         20          0       1452   GUI_Timer.o
       824         84         16          8          0       1644   GUI_UC.o
        18          0         16          0          0        464   GUI_UC_EncodeNone.o
       236         14         16          0          0        580   GUI_UC_EncodeUTF8.o
        16          4          0         12          0        116   GUI_WaitEvent.o
      1128         32          0          0          0       1116   GUI_XBF.o
       668         28         36          0          0        432   GUI_XBF_PropExt.o
       564          4         24          0          0        156   GUI_XBF_PropFrm.o
       880         42          0         52          0        812   GUI__Alpha.o
         0          0          0          8          0          0   GUI__BiDiRouting.o
       818          0          0          0          0        396   GUI__CompactPixelIndices.o
         0          0        624          0          0          0   GUI__DivTbl.o
       864         24          0          0          0        196   GUI__DrawBitmap16bpp.o
       732         10          0          0          0        360   GUI__ExpandPixelIndices.o
       194         18          0         12          0        760   GUI__GetCursorPos.o
       252         14          0         16         16        252   GUI__ManageCache.o
      1048         38          0         20          0       1752   GUI__Private.o
       448         28        364          0          0        388   GUI__SinHQ.o
       378         14          0         16          0        540   GUI__Wrap.o
      2746        112          0         16          0       2272   IMAGE.o
       294         18          0          0          0        792   IMAGE_BMP.o
       334         26          0          0          0        792   IMAGE_DTA.o
       792         26          0          0          0        980   IMAGE_GIF.o
       308         18          0          0          0        800   IMAGE_JPEG.o
      2380        180         12          4          0       2776   LCD.o
       888         96          0         24          0       1028   LCD_AA.o
       552         48          0         20          0        784   LCD_Color.o
        32         12          0          0          0        232   LCD_GetColorIndex.o
       942         48          0          8          0       3112   LCD_GetEx.o
        28          0          0          0          0        128   LCD_GetNumDisplays.o
       192         16          0          0          0        292   LCD_GetP.o
        14          0          0          0          0        128   LCD_GetPixelColor.o
         0          0        256          0          0          0   LCD_Mirror.o
        20          6          0          0          0        124   LCD_MixColors256.o
       648         52          0         16         48        784   LCD_NextPixelAPI.o
       700         50         32         20          0        968   LCD_RLE1.o
      1168         74         64         24          0       1284   LCD_RLE16.o
      1448        112         32         24          0       1612   LCD_RLE32.o
       936         52         32         20          0        968   LCD_RLE4.o
       984         60         32         20          0        972   LCD_RLE8.o
      1744         50         32          8          0        792   LCD_RLEAlpha.o
       800         24          0          0          0        476   LCD_ReadRect.o
      1248         18         16         12          0        296   LCD_Rotate180.o
      1286         20         16         12          0        552   LCD_RotateCCW.o
      1294         18         16         12          0        552   LCD_RotateCW.o
       268         38          0          0        320        596   LCD_RotateDisplay.o
        72         10          0          0          0        128   LCD_SelectLCD.o
       220          0          0          0          0        660   LCD_Set.o
        52         10          0          0          0        132   LCD_SetClipRectEx.o
        36          4          0          0          0        128   LCD_UpdateColorIndices.o
         0          0          0         20          0          0   NVT_GUI_GB_EncodeGB2312.o
      1538         26         12          0          0        744   OBox.o
      1304         36         60          0          0       1036   OImage.o
      1352         40         96          0          0       1988   ORotary.o
      1780         54         84          0          0       1664   OText.o
      1164         38         16          8         40        692   OWindow.o
      2568         52          0          8          0       1916   ROTARY.o
      1282         34          0         24          0       1752   TEXT.o
      1050         20          0          8          0        936   WIDGET.o
       232         24         28          4          0        520   WIDGET_Effect_Simple.o
       468         16          0          4          0        468   WINDOW.o
      7122        316          0         77         88       6088   WM.o
       104          0          0          0          0        488   WM_GetWindowSize.o
      2890         88          0          0          0       5924   WM_Lib.o
       240         36          8          4          0        380   WM_MULTIBUF.o
       104         12          0          0          0        148   WM_MakeModal.o
      5620        172          0         36        148       2644   WM_Motion.o
       382          0          0          0          0        416   WM_Move.o
        28          4          0          0         48        116   WM_PID__GetPrevState.o
       284          6          0          0          0        272   WM_Screen2Win.o
        52          8          0          0          0        140   WM_SetCapture.o
       136          4          0          0          0        132   WM_SetFocusOnNextChild.o
       106          0          0          0          0        128   WM_SetFocusOnPrevChild.o
       152          8          0          0          0        380   WM_SetTrans.o
       328          6          0          0          0        668   WM_Timer.o
      1532         94          0         24        144       1044   WM_Touch.o
       896         42          0          4          0       2164   WM__Private.o
         8          0          0          0          0         68   __main.o
       312          4         17          0          0         92   __printf_flags_wp.o
        14          0          0          0          0         68   __printf_wp.o
         0          0          0          0          0          0   __rtentry.o
        12          0          0          0          0          0   __rtentry2.o
         6          0          0          0          0          0   __rtentry4.o
        52          8          0          0          0          0   __scatter.o
        26          0          0          0          0          0   __scatter_copy.o
        28          0          0          0          0          0   __scatter_zi.o
        44          0          0          0          0        108   _printf_char.o
        48          6          0          0          0         96   _printf_char_common.o
        36          4          0          0          0         80   _printf_char_file.o
         6          0          0          0          0          0   _printf_d.o
       120         16          0          0          0         92   _printf_dec.o
        88          4         40          0          0         88   _printf_hex_int.o
       178          0          0          0          0         88   _printf_intcommon.o
        78          0          0          0          0        108   _printf_pad.o
         0          0          0          0          0          0   _printf_percent.o
         4          0          0          0          0          0   _printf_percent_end.o
         6          0          0          0          0          0   _printf_s.o
        82          0          0          0          0         80   _printf_str.o
         6          0          0          0          0          0   _printf_x.o
        22          0          0          0          0        100   _rserrno.o
        16          0          0          0          0         68   aeabi_memset.o
        18          0          0          0          0         80   exit.o
         6          0          0          0          0        152   heapauxi.o
         0          0          0          0          0          0   indicate_semi.o
         2          0          0          0          0          0   libinit.o
         6          0          0          0          0          0   libinit2.o
         2          0          0          0          0          0   libshutdown.o
         2          0          0          0          0          0   libshutdown2.o
         8          4          0          0         96         68   libspace.o
        88          0          0          0          0         76   memcmp.o
         8          0          0          0          0         76   memcpy.o
        22          0          0          0          0         76   memset.o
        24          4          0          0          0         84   noretval__2printf.o
       612          0          0          0          0        136   qsortnoex.o
         8          4          0          0          0         68   rt_errno_addr_intlibspace.o
        68          0          0          0          0         68   rt_memclr.o
        78          0          0          0          0         80   rt_memclr_w.o
       138          0          0          0          0         68   rt_memcpy_v6.o
       100          0          0          0          0         80   rt_memcpy_w.o
       132          0          0          0          0         68   rt_memmove_v6.o
       122          0          0          0          0         80   rt_memmove_w.o
         2          0          0          0          0          0   rtexit.o
        10          0          0          0          0          0   rtexit2.o
        24          0          0          0          0         68   strcat.o
       128          0          0          0          0         68   strcmpv7m.o
        72          0          0          0          0         80   strcpy.o
        62          0          0          0          0         76   strlen.o
        12          4          0          0          0         68   sys_exit.o
        74          0          0          0          0         80   sys_stackheap_outer.o
         2          0          0          0          0         68   use_no_semi.o
        24          0          0          0          0        164   basic.o
       826         16          0          0          0        492   daddsub_clz.o
       688        140          0          0          0        256   ddiv.o
        94          4          0          0          0        140   dfix.o
        84          0          0          0          0        232   dflt_clz.o
       340         12          0          0          0        152   dmul.o
       156          4          0          0          0        140   dnaninf.o
        12          0          0          0          0        116   dretinf.o
        86          4          0          0          0        132   f2d.o
       140          4          0          0          0        132   fnaninf.o
        10          0          0          0          0        116   fpinit.o
         0          0          0          0          0          0   usenofp.o
       108         10          0          0          0        116   ceilf.o
       200         20          0          0          0        164   cos.o
       368         46         48          0          0        200   cos_i.o
        84         16          0          0          0        372   dunder.o
        24          0          0          0          0        124   fabs.o
       112         14          0          0          0        116   floorf.o
        48          0          0          0          0        124   fpclassify.o
       248          0          0          0          0        152   poly.o
      1080        142        200          0          0        188   rred.o
       200         20          0          0          0        164   sin.o
       304         24         40          0          0        208   sin_i.o

    ----------------------------------------------------------------------
    199296       8076      31156       1708       5020     182848   Library Totals
       272          4         16         18          4          0   (incl. Padding)

    ----------------------------------------------------------------------

      Code (inc. data)   RO Data    RW Data    ZI Data      Debug   Library Name

    190766       7538      30795       1690       4920     175944   NUemWin_CM4_Keil.lib
      3022         58         57          0         96       2904   c_w.l
      2460        184          0          0          0       2072   fz_wm.l
      2776        292        288          0          0       1928   m_wm.l

    ----------------------------------------------------------------------
    199296       8076      31156       1708       5020     182848   Library Totals

    ----------------------------------------------------------------------

==============================================================================


      Code (inc. data)   RO Data    RW Data    ZI Data      Debug   

    212728      10100     136524       3208     140736     570276   Grand Totals
    212728      10100     136524       3208     140736     570276   ELF Image Totals
    212728      10100     136524       3208          0          0   ROM Totals

==============================================================================

    Total RO  Size (Code + RO Data)               349252 ( 341.07kB)
    Total RW  Size (RW Data + ZI Data)            143944 ( 140.57kB)
    Total ROM Size (Code + RO Data + RW Data)     352460 ( 344.20kB)

==============================================================================

